# serializer version: 1
# name: TestAddOTU.test_success[438782-accessions0]
  dict({
    'acronym': '',
    'excluded_accessions': list([
    ]),
    'legacy_id': None,
    'molecule': dict({
      'strandedness': 'single',
      'topology': 'circular',
      'type': 'DNA',
    }),
    'name': 'Abaca bunchy top virus',
    'schema': list([
    ]),
    'taxid': 438782,
  })
# ---
# name: TestAddOTU.test_success[438782-accessions0].1
  dict({
    'legacy_id': None,
    'name': dict({
      'type': 'isolate',
      'value': 'Q767',
    }),
  })
# ---
# name: TestAddOTU.test_success[438782-accessions0].2
  dict({
    'accession': 'NC_010314',
    'definition': 'Abaca bunchy top virus DNA-N, complete genome',
    'legacy_id': None,
    'segment': 'DNA N',
    'sequence': 'AGCAGGGGGGCTTATTATTACCCCCCCTGCTCGGGGCGGGACATTCTGTGATGGGCTGGGCTTTATGCGGCCAAATAAGCCCATAAAGCCAGATCTGGGCCCATTTAAGGGCCCGTGGTTTGAAAATGTCGCGTTCCCGCCTAAATTGTTTGCTTGCCCTGCAAGGAAACGAAAACTCTATAAATAGGGTTGTTCTCTGCTTGTTTAATACATCAGGCGCAAATCTTTTGCAACGATGGATTGGATGGAATCACAATTCAAGACATGTACGCATGGCTGCGACTGGAAGGCGATAGCTCCAGAAGCACAAGATAATATACAGGTAATTACATGTTCCGATTCAGGTTACGGAAGAAAGAACCCTCGTAAGGTTCTTCTGAGGAGTATTCAGATAGGGTTCAATGGAAGCTTCAGAGGAAGTAATAGAAATGTTCGAGGCTTCATATACGTGTCTGTAAGACAGGATGATGGCCAAATGAGACCAATTATGGTCGTTCCATTCGGAGGGTATGGATATCATAACGACTACTATTATTTTGAAGGACAATCCAGTACGAATTGTGAGATAGTGTCGGACTATATTCCGGCCGGTCAAGACTGGAGCAGAGATATGGAGATAAGTATAAGTAACAGCAACAATTGTAATCAAGAGTGCGATATCAAGTGTTATGTAGTATGTAATTTAAGAATTAAGGAATAAWATTGTTGCCGAAGGTCTGTTATTTGAATGTTGAGATAAGGAAAGGGGCGGCGAAGCATGTGTGTATAATAACATATAACACACTATTATATATTTTGTAAAGAATAAAATTATGACCTGTCAGATTAAGTTTAGAATGAACTGAGGCCGAAGGCCTCACCGAGGCCGAAGGCCGTCAGGATGGTTTTACAAAATAATTATAAGCACCTGTACTAAGTACGAAGAGCGGTATAATATCTGAAAGGAAAAAATAATAATATAATAAAAATATTATGATGTCCCAAAATAGCAGAATGCTAAAGGAACAAAAGGATGCTCTAAGTACAGGGTTGCGTGCTCTGGACGCCACTTTAGTGGTGGGCCAGATGTCCCGAGTTAGTGCGCCACGTC',
  })
# ---
# name: TestAddOTU.test_success[438782-accessions0].3
  dict({
    'accession': 'NC_010315',
    'definition': 'Abaca bunchy top virus segment 2, complete sequence',
    'legacy_id': None,
    'segment': 'DNA U3',
    'sequence': 'AGCAGGGGGGCTTATTATTACCCCCCCTGCTGGGACGGGACATCCGAATAGTAATGGGCTTAATACATAAATGGGCCGCCAAATAAGCGTACAGTTCAGTATCTTCGTTTTGGGCCTCGGCCCAAAATTAAGAGAACGTGTGCGCTTGTTTGGGTTGGACCGTAGGTCCGGTTCGAATGAGGAATATTCCTTGCTTCCATAGGAAGGAACAGCGAAATAAAATAAATCGCTGTTACACGTGTAAGAATACTATTAGTTCGCAGAGTTTATAAATACCCTTCAAGTTGAAGGGTGTGGTGCTCTCTCTCTTCTGTCAGACGGTGTGCCATGATGAAGCTCTCCGGGAGGAAAGAAGGGCGGAGGTGGAGGAGCCGCCTCGCCCGTCCCTCCGACGAAGTATACGAAGTCGTAGGTATGTCAGGGTATTTATAGAAGCGTCGTATACTAAACGCGCCTGTATCATAATTGTATTTGTGTATTTAAATATTTAAATACCAAACCTTAAGGAATAAAATATATGTTTAATAAAATAACACATGACAATAAAAGAAAACAATAATACAATAATAAAATTGTATTATGCAAACGTTGTATAATTAAGGTCTGTTTAATATACATATATATATGTATATTACAGTATTGTTTAAAATAAATGACTTGGAAGGAAATAATAATATTAATGATAAGCAATAAAATATTCCGAATACATAAAAAGGGGAAAATGCAATTAAGACCTGTCACGTTTACATATTTCGAATATATTAAGGGCCGAAGGCCCGTCAGTATGCAGGTACATCAGTGATTGCTTCGTGACGAAGCAAGGGTATTATTGTAAATAAGAAAGCATCTGACAACTTTAATAGTGGTCCCCTATACAGCTGTCATATGACAGCTGGCAAAGGATCATTGGGCGGACTCCAAATATATATTAAATATAACATATAAAATATATAAGGTATAGATACTATTATTAATTAAAAGAGGCGGGAAAGAGGACACGTGCGCCGCACGCCACTTTAGTGGTGGGCCATATGTCCCGAGTTAGTGCGCTTACGTC',
  })
# ---
# name: TestAddOTU.test_success[438782-accessions0].4
  dict({
    'accession': 'NC_010316',
    'definition': 'Abaca bunchy top virus DNA-S, complete genome',
    'legacy_id': None,
    'segment': 'DNA S',
    'sequence': 'GGCAGGGGGGCTTATTATTACCCCCCCTGCCCGGGACGGGACATTCTGTGATGGGCTGGGCTTTATGCGGCCAAATAAGCCCATAAAGCCAGATCTGGGCCCATTTAAGGGCCCGTGGTTTGAAAATGTCGCGTTCCCGCCAAAATAGTTGCTTGCTCTGCAAGCAAACTATATCTATTATAAATACCAGATGTAATGGTTGCCTGAGAATGAAAATAAAAGGATGGCGAGGTATCCGAAGAAGGCGCTAAAGAAGAGGAAGGCGGTACGCCGTAAGTATGGAAGTAAAGCTACGACCAGTCATGATTATGCTGTTGATACTTCATTTATTGTTCCTGAAAATACTATTAAGCTGTATCGTATTGAGCCTACTGATAAAACATTACCCAGATATTTTATCTGGAAAATGTTTATGTTGTTGGTATGCAAAGTCAGACCAGGGCGTATACTTCATTGGGCGATGATTAAGAGCTCTTGGGATGTGAAGGATCCAACAGTTGTTCTTGAAGCGCCTGGATTGTTTATCAAGCCAGCAAACAGCCATCTGGTTAAACTGGTATGCAGTGGCGAGTTAGAAGCTCCAGTAGGAGGAGGGACTTCAGAGGTTGAATGTCTTCTACGGAAGACAACTTTACTTCGTAGGAATGTTACAGAATTGGATTTCTTGTATTTGGCGTTTTATTGTTCTTCTGGAGTTACAATCAACTACCAGAACAGGATTACATATCATGTATAAACCACATAAAATAAATGTGGTGTTGCAGGCATGGGAAGAATAAAACAATGTTTGCCTACGAAATATTTTGGTAAAGTGAAATTATGACCTGTCAGAATTAAGTTTAGAATGAACTGAGGCCGAAGGCCTCACCGAGGCCGAAGGCCGTCAAGTTGGATGAATAAAATACAAGGTATAAGTACGAAGAGCGGTATAATATCTGAAAGGAAATAATAATAATATAATAAAATATTATGATGTCCCAAAATAGCAGAATGCTAAAGGAACAAAAGGATGCTCTAAGTACAGGGTTGCGTGCTCTGGACGCCACTTTAGTGGTGGGCCAGATGTCCCGAGTTAGTGCGCCACGTG',
  })
# ---
# name: TestAddOTU.test_success[438782-accessions0].5
  dict({
    'accession': 'NC_010317',
    'definition': 'Abaca bunchy top virus DNA-M, complete genome',
    'legacy_id': None,
    'segment': 'DNA M',
    'sequence': 'GGGGCTGGGGCTTATTATTACCCCCAGCCCCGGAACGGGACATCACGTGCCTCCCTGTACACGCACGTGACATCAAATGGCTTGCTGYGCAAGATAGAAAGGCTTCCTGCGGAAGCCAGGCATCATATATGGGTTGTAGAGGATCAGCCGACTCTATAAATATAGGGAGGCGTGGTCATGGGATTGACAGGAGAACGAGTGAAACAATTCTTTGAATGGTTTCTGTTCTTCTCAGCAATATTTGTTGCAATAACAATAATATATATATTGCTGGCAGTTCTCCTTGAACTACCGAAGTATATTAAGGGTTTAGTACAATACGTAGTGGAGTATATTACTAGACGACGGGTATGGACACGGAGGACCCAATTGACAGAGGCAACCGGAGGAGGCGATATAGAAGCTGTAGGGCATGACAGTCAGGCGTATACGCATACTGTTATGCCATSTGTTCCACCAGTTAGCGCTCCTATATCAAATAGGAGAGCTGATCAGCCTCTTCGATCAAGCGCCGGACCAATGTTTTAAATACCCGTGATATTTAATATGCAAGTGTATAAATACCCATTGTAGATCTGTTTGTAACCTGAATATGCAAAGTATATAATACTTTGTTGTAATGTATAAGTACATTAATAATATACGAAGTATAATGTTGATGCGATGTCTTCGGAAAATGAAGTATACCCAAATACACAAAAAAACATATATGTGGTGTATACTTATTGTTAAGTATAATAAAATTATAATACAAACAAATATATTGTGTATTATAATACATAAAAGAAGACAGAGCTGTGAAGTTAAGTAAGAAAGCGACGGATTCGTATTGGATAATATGATTCGCGGAGCATTACTTAACGGCGAAGTAAAGCATCAGACAAGAATATGACAGCTGTCATATCAACTAAAAAGCATAGCTTGCCGAGCACGCTATGCAATATAAGGGAAAAATGAAATAATGACCTGTCACGTTTACACTTTTCGTAAAGATGTAGGGCCGAAGGCCCTAATGACGCGTGTCATATTCTCTATAGTGGTGGGTCATATGTCCCGAGTTAGTGCGCCACGTAA',
  })
# ---
# name: TestAddOTU.test_success[438782-accessions0].6
  dict({
    'accession': 'NC_010318',
    'definition': 'Abaca bunchy top virus DNA-C, complete sequence',
    'legacy_id': None,
    'segment': 'DNA C',
    'sequence': 'GGCAGGGGGGCTTATTATTACCCCCCCTGCCCGGGACGGGACATCACGTGCGCCTATAAAGAAGCACGTGATGATGTGACATATGTTTGCCGTAAGCTGTACAAAAGCGAATGCTTTATTGCTTTATTCGTTGCTTAGCCCCTAAGCAACCTGGTAGTGGGATGTGGTCCCTGATGCGAAGCAGCTTTGTTGTTGCTATTTATATCTGTGTTCGCCATGTAAAATGCGAAATACAACGCTGATCAGAATGGAGTTCTGGAATTCGGAAGCATTTTGCGACGATGTGAAGCGTGTCATTAAGCAAAAATATTGGGAAGAGCGGATGAAATCTCTATTTATAGAGAAGGTGAGTGGTTATGTTCGAAGGATTCTTGTTTATGGTAATCTTGATGATACCATATATGCGGTTCAGCAAATGAAGACTTCTATAGTTCAGTGTGCTGAACGTTTCGGTAAAGCCTGTGTGGTGGTATATAATGGTTTGGATCCATCAATAGGTTTCCGATTACACACTATGGCGTTCTTCTTCGAAGAATATGTTGAGGAAGTGAGTACTGCAGATCCAATGGCGGTTCAGTTATTTTGTGATGAAGAAATAGAAGAATTCTCAAATTCTGATGTACGCCTTATTAAAAATGTTATTATGGCATCGACAGATGCATCGATTGATGTAGGAAATTGTATTCAGATAATAATATCTGATAATGTAATAACATTCTATATATGTTAACTTCATTTATACATAAGAATGAATGAAGTGGTTTATTTATGATTTTTAGAATATAATCATAAATGGTAAACCTTAAGCAAAACCACCCTAAAACAAATAAACCTCTCTGACATACAACCCTCTATAAAATAAAGCCCATGTAAGATTCAAATTTAGAATGAAAAATGGGCCGAAGGCCCATATAAATGCATTTAAGGCCGAAGGCCTTATAATTGCAGGAAGAAAAGAACACGGTTTTGCTTACGTGGCCTGTGGGCCATATGTCCCGAGTTAGTGCGCCACGTG',
  })
# ---
# name: TestAddOTU.test_success[438782-accessions0].7
  dict({
    'accession': 'NC_010319',
    'definition': 'Abaca bunchy top virus DNA-R, complete genome',
    'legacy_id': None,
    'segment': 'DNA R',
    'sequence': 'GGCAGGGGGGCTTATTATTACCCCCCCTGCCCGGGACGGGACATTTGCATCTATAAATAGAAGCGCCCTCGCTCAACCAGATCAGGCGCTGCAATGGCTAGATATGTCGTATGTTGGATGTTCACCATCAACAATCCCGAAGCTCTTCCAGAGATGAGGGAAGAATACAAATACCTGGTTTACCAGGTGGAGCGAGGCGAAAGCGGTACACGACATGTGCAGGGCTATGTTGAAATGAAGAGACGAAGTTCTCTGAAACAAATGAGGGCTTTAATTCCTGGTGCCCATCTCGAAAAGAGAAGGGGCACACAGGAAGAAGCTAGAGCTTATTGTATGAAGGCAGATACGAGAGTCGAAGGTCCCTTCGAGTTTGGTCTTTTCAAAGTATCATGTAATGATAATTTGTTTGATGTCATACAGGATATGAGAGAAACGCACAAACGGCCGATTGAGTATTTATACGACTGTCCTAATACCTTCGATAGAAGTAAGGATACATTATACAGGGTACAAGCGGAAATGAATAAAATGCAAGCTATGATGTCGTGGTCGGAAACCTATGGTTGCTGGACGAAGGAAGTGGAGGAACTAATGGCGGAGCCATGTCACCGACGGATTATTTGGGTCTATGGCCCAAATGGTGGTGAAGGTAAAACAACCTATGCGAAGCATCTAATCAAGACCAGAAATGCATTTTATACACCTGGCGGAAAGACACTGGATATATGTAGGCTGTATAATTATGAGGGAATTGTAATATTTGATATTCCCAGATGCAAAGAGGATTACTTGAATTACGGAATTCTTGAGGAATTCAAGAATGGCATCATTCAGAGCGGGAAATATGAACCAGTTTTAAAAATTGTAGAGTATGTGGAGGTCATTGTCATGGCTAACTTCCTGCCGAAGGAAGGAATATTCTCGGAAGACCGAATAAAGCTTGTAACTTGTTGAACACGCTATGCAATAAAGGGGAAAAATGCAATTATGACCTGTCACGTTTACACTTTTCGTAAAGATGTAGGGCCGAAGGCCCTAATGACGCGTGTCATATTCTCTATAGTGGTGGGTCATATGTCCCGAGTTAGTGCGCCACGTG',
  })
# ---
