# serializer version: 1
# name: TestParseGenbank.test_ok[AB017504]
  dict({
    'accession': 'AB017504',
    'accession_version': 'AB017504.1',
    'comment': '',
    'definition': 'Wasabi mottle virus genomic RNA, complete genome, isolate: Tochigi',
    'moltype': <NCBIMolType.RNA: 'RNA'>,
    'organism': 'Wasabi mottle virus',
    'refseq': False,
    'sequence': 'GTTTAAATTATTGCAACAACAACAACAAATTACAATAATAACAAACAAATACAAACAACAACAACATGGCACAATTTCAACAAACAATTGACATGCAAACACTTCAGGCTGCAGCGGGACGTAACAGCCTGGTCAACGATTTAGCCTCTCGACGTGTTTACGATAACGCGGTCGAGGAGTTAAATGCGCGTTCAAGACGTCCTAAGGTTCATTTCTCCAAGTCGGTGTCGACGGAACAGACACTACTAGCTTCAAACGCTTATCCGGAGTTTGAGATTTCCTTCACTCATACCCAACATGCCGTACATTCACTTGCCGGCGGGTTGCGGTCTCTTGAGCTGGAATATCTCATGATGCAAGTTCCTTTCGGATCTCTGACGTATGACATCGGCGGTAACTTTGCTGCGCACCTTTTTAAGGGTCGTGACTACGTGCACTGCTGTATGCCAAATTTGGACGTTCGCGATATAGCTCGCCATGAAGGACATAAGGAAGCCGTTTTCGGCTACATCTCCCGCTTGAAAAGGCAAAGGAGACCTGTTCCTGAGTATCAGAGAGCTGCGTTCAACAACTACTCGGAGAATCCGCATTTCGTTCATTGTGACCAACCTTTTCAACAGTGTGCCTTAAGTACTGTGAACGGTGACGACACTTATGCTGTTGCCCTTCACAGTATATACGACATTCCTGTTGAGGAGTTCGGTGGTGCGCTACTCAGGAAGAACGTCAAAGTTTGTTATGCGGCTTTCCATTTCCATGAGAATATGCTACTTGATTGTGACACAGTCACTCTTGAGGAGATTGGAGCTACATTTCAACGTGCAGGCGACAAGTTAAACTTTTTCTTCCACAATGAGAGCACTCTCAACTATACCCACAGTTTTAGTAATATAATTAAGTATGTGTGTAAAACTTTTTTCCCCGCCAGTCAGCGGTTTGTGTATCATAAGGAGTTTTTAGTTACAAGAGTCAATACGTGGTATTGTAAGTTCACTAGAGTGGACACTTTTACTCTTTTTCGTGGTGTGTACAAAAATAGTGTCGATAGCGATGAGTTTTATAAGGCTATGGATGACGCATGGGAATACAAGAAGACTTTAGCTATGTTAAATGCCGAGAGGACTATCTTCAAGGATAACGCGGCTATTAATTTTTGGTTTCCGAAGGTCAGAGATATGGTCATCGTTCCTCTTTTCGACGCATCCATCACAACAGGAAGGATGTCTAGAAGAGAAGTTATGGTGAATAAGGATTTTGTTTATACAGTCCTCAACCATATTAAAACATATCAGGCAAAGGCTTTGACTTACGCTAACGTACTGTCCTTTGTAGAGTCTATCAGGTCGAGAGTCATAATTAATGGGGTCACAGCTAGGTCTGAGTGGGATACGGATAAGGCAATTCTAGGTCCGTTAGCAATGACCTTTTTCCTTGTTACAAAGTTAGGTCATGTCCAGGATGAAATAGTCCTGAAGAAGTTCCAAAAGTTTGATTCGACCGCCAAAGAGCTGATTTGGACTAGTCTCTGCGATGCCCTGATGGGGGTTATACCCTCGGTCAAAGAGACGTTAGCACGTGGTGGTTTTGTCAAACTCGCTGAAGAGAGTTTGGAGATCAAGATTCCAGAACTGTATTGCACTTTCACAGACAGGTTAGTGCTGGAGTACAAAAGAGCTGAAGAGTTCAAGTCTTGTGATCTGTCTAAACCGTTAGAAGAGTCGGAGAAATACTACAACGCTTTATCCGAGCTGTCTGTGCTCGAGAACCTCGACTCTTTTGACTTGGAAGCCTTTAAAGAGTTGTGCCAGAAGAAAAGCGTTGATCCAGATGTCGCTGCAAAGGTGGTGGTGGCGATAATGAAAAGTGAGTTGACGTTACCGTTCAAGAAACCTACTGAGGAAGAAATCGCGGAGTCGCTTAGCAATGATACAACACGGAATGAGGGTTTGAGTCTGAGTAACACCGCACCTTTCCCGTGTGTGAGCAATCTCGAGGGAGGGTTGGTGCCAGCGTGCGGGCTGTGTCCGAAAAGTGGTGGTTTCGACAAGATTGATATGGATATATCTGAGTTCCATCTCAAGAGTGTAGATGCAGTTAAAAAAGGGGCTATGATGTCAGCGGTGTACACAGGGAACATCAAGGTTCAGCAGATGAAGAACTTTGTAGATTACCTAAGTGCGTCACTGTCAGCTACTGTCTCAAATCTCTGTAAGGTGCTTAGAGATGTTCATGGGGTAGATCCAGAGTCACAGGAGAAATCCGGAGTGTGGGATGTGAGAAGAGAACGATGGTTACTAAAACCTAACGCGAAATGTCACGCGTGGGGAGTTGCGGAAGATGCCAATCACAAGTTGGTTATCGTGTTACTTAACTGGGATGATGGAAAACCTGTCTGCGATCAGACATGGTATCGATTGGCGGTGTCAAGTGATTCTTTGGTGTATTCCGATATGGGGAAACTTAAAACGTTGACGTCGTGCTGTGTGGATGGCGAACCTCCAGAGCCTAAGGCCAAGGTGGTTCTTGTTGATGGAGTTCCAGGATGTGGAAAAACGAAGGAAATTCTGGAGAAGGTTAACTTCTCCGAAGATTTGGTTTTAGTCCCTGGAAAGGAGGCGTCGAAGATGATTATACGACGAGCGAACCAGGCAGGAGTTACGAGAGCTGATAGGGATAACGTGAAAACAGTGGATTCCTTCTTAATGCACCCTCCAAAGAGGGTATTTAAGAGGTTGTTCATTGATGAAGGATTAATGCTGCATACCGGTTGTGTCAACTTTTTGACGCTAATTTCGCAATGCGATATAGCATACGTCTACGGCGACACACAACAGATTCCCTTTATTTGTAGGGTTGCAAATTTTCCGTATCCCAAACATTTTGCAAGACTTGTCGTTGATGAAAAGGAAGACAGAAGGATAACGCTCAGATGCCCTGCAGACGTCACTTTTTTCCTTAACAAGAAATATGACGGCTCAGTGTTGTGTACTAGCAGTGTGGAAAGATCGGTCAGTGCGCAGGTTGTGAGAGGGAAAGGTGCATTAAACCCGATAACTTTACCGTTAGAGGGAAAAATTTTAACCTTCACGCAGGCCGACAAGTTCGAGTTACTAGACAAAGGCTACAAAGATGTGAATACGGTCCATGAGGTTCAAGGGGAAACATATGAAAAAACAGCTATTGTTCGGTTAACGGCTACTCCGTTGGAGATCATATCTAGGGCGTCACCTCATGTTTTGGTGGCGCTGACGAGACACACGACTAGTTGTAAATATTTTACAGTCGTGTTGGATCCTTTAGTGAGTGTGATTTCTGAGATGGAGAAGTTGTCCAATTTCATCCTTGACATGTACAAGGTGGAGTCGGGAACCCAATAGCAATTACAGATCGATGCGGTGTTCAAAGGGGTCAACTTAAATGTTCCGACGCCAAAGTCAGGAGATTGGAGAGACATGCAGTTTTATTACGACACTCTTCTTCCCGGTAACAGCACTATTCTTAACGAGTTTGATGCTGTTACCATGAATTTGAGGGATATATCCCTAAATGTCAAAGATTGCAGAATCGACTTCTCTAAATCCGTGCAAGTGCCCAAAGAAAAACCAGTTTTCTTAAAACCCAAGATAAGAACTGCGGCAGAAATGCCGAGAACTGCTGGGTTAATAGAGAATTTGGTTGCAATGATCAAGAGAAATATGAATGCACCGGATTTGACTGGGACGATAGATATAGAGGACACTGCATCACTGGTGGTTGAAAAGTTTTGGGACTCGTACATCATAAAGGAGTTCAGCGGAATTGAGGGGATGGCAAAGACAAGGGAAGGTTTTTCTAGATGGCTTTCTAAACAAGAGTCGTCTACGGTCGGTCAGTTAGCGGATTTTAACTTTGTGGATTTGCCTGCAGTTGATGAGTACAAGCATATGATCAAGAGTCAGCCTAAGCAAAAGTTAGACTTGAGTATTCAAGATGAATATCCTGCTTTGCAGACGATAGTCTACCATTCAAAAAAGATCAATGCAATTTTCGGTCCTATGTTTTCAGAACTTACGAGAATGCTTCTTGAAAGAGTTGATACATCTAAGTTTCTGTTTTACACTAGGAAAACGCCAACTCAGATTGAGGAATTTTTCTCAGACCTCGATTCGTCGCAAGCAATAGAAATTTTGGAACTCGACGTTTCAAAGTACGACAAGTCTCAGAACGAGTTCCATTGTGCTGTGGAATACAAGATATGGGAGAAGCTTGGAATAGACGAGTGGTTGGCAGAGGTGTGGCGACAAGGGCACAGGAAAACGACGTTGAAAGACTATACGGCCGGGATCAAAACGTGTTTGTGGTATCAGAGGAAAAGCGGTGATGTAACTACCTTTATTGGGAACACCATCATCATCGCTGCGTGCTTAAGTTCTATGATTCCGATGGAAAAGGTGATTAAAGCAGCATTCTGCGGTGACGACAGTTTGATTTATATTCCGAAAGGTTTAGATCTGCCGGATATTCAAGCTGGAGCCAACCTGACGTGGAATTTCGAGGCGAAGCTCTTTAGGAAAAAGTATGGTTATTTGTGCGGTCGATATGTAATCCACCATGATAGAGGAGCTATTGTATATTACGATCCACTTAAGCTAATATCTAAGTTAGGTTGTAAACATATAAAGGATGAGGTCCATTTAGAAGAGTTACGTAGGTCTCTGTGTGATGTAGCTAGTAACTTAAATAATTGTGCGTATTTTTCTCAATTAGATGAGGCCGTTGCCGAGGTTCATAAAACCGCGGTTGGCGGATCGTTTGCTTATTGTAGTATAATTAAATACTTGTCAGATAAAAGGTTGTTTAAAGATTTGTTTTTTGTTTGATAATGTCGACCGTGTCGTACAAGCCTAAGGTGAGTGACTTTCTTACTCTTTCGAGAACGGAGGAAATTTTACCGAAAGCTTTAACGAGATTGAAGACTGTGTCTGTAAGTACTAAGGATGTCATATCAGTTAAGGAATCTGAGTCTTTGTGTGATATAGATTTGTTAGTTAATGTGCCATTAGATAAGTTTAGATACGTGGGTATTCTAGGAGTTGTTTTTACTGGCGAGTGGCTTATTCCGGATTTCGTTAAGGGTGGTGTAACGGTGAGTGTGATTGACAAGCGTCTGGAGAACTCGAAGGAGTGTATAATTGGTACGTACAGAGCTGCTGCTAAGGACAGAAGGTTTCAGTTTAAGCTGGTGCCTAACTACTTTGTGTCTGTAACGGACGCTAAGAGAAAACCGTGGCAGGTTCATGTGCGTATTCAAAACCTGAAGATTGAAGCTGGATGGCAACCGTTGGCTCTGGAAGTTGTTTCCGTAGCTATGGTTACAAACAATGTGGTTGTGAAGGGTTTAAGAGAAAGAGTCATCGCTGTAGATGATCCGAACGTTGAGGGTTTCGAAGGTGTAGTTGACGAATTCATCGATTCGGTTGCAGCATTTAAAGCGGTTGACAATTTCAGGAAAAAGAAAAAGAAGATTGGAGGAAGGGATGTGATTAGTAAGTATAAGTATAGACCAGAGAAGTACGCCGGTCCTGATTCGTTACTTAATAAAGAAGAAAATGTCATACAACATCACGAACTCGAATCAGTACCAGTTTTTCGCAGCGGTATGGGCGGAGCCCATAGCAATGCTTAACCAGTGCGTATCTGCGTTGTCACAGTCGTATCAGACACAAGCTGCGAGAGATACTGTCAGACAGCAATTCTCGAACTTGTTAAGTGCGATTGTGACACCGAACCAGCGGTTTCCAGAAACAGGATACCGGGTGTATGTTAATTCAGCAGTTCTAAAACCGTTGTACGAGGCTCTTATGAAGTCTTTTGATACTAGAAATAGGATCATTGAGACCGAAGAAGAGTCGCGTCCTTCGGCTTCCGAAGTAGCCAATGCAACACAACGTGTTGACGATGCGACCGTGGCCATCAGGAGTCAAATTCAGCTTTTGCTGAGTGAGCTTTCCAGTGGACATGGTCTTATGAACAGGGCAGAGTTTGAGGTTTTAATACCTTGGGCTACTGCGCCGGCTAAATAGGCGTGGTGCACACGATAGTGCATAGTGTTTTCCTCTCCACTTAAATCGAAGAGGTATTCTTACGGTGTAAATCCGTAAGGGTGGCGTAAACCAAATTACGTAATGTTTTGGGTTCCATTTAAATCGAAACCCGTTATTTCCTGGATCACCTGTTAACGCACGCTTGGCGTGTATTACAGTGGGAATAACTAAAAGTGAGAGGTTCGAATCCTCCCTAACCCCGGGTAGGGGCCCA',
    'source': dict({
      'clone': '',
      'host': '',
      'isolate': 'Tochigi',
      'mol_type': <NCBISourceMolType.GENOMIC_RNA: 'genomic RNA'>,
      'organism': 'Wasabi mottle virus',
      'segment': '',
      'strain': 'wasabi',
      'taxid': 1169032,
    }),
    'strandedness': <NCBIStrandedness.SINGLE: 'single'>,
    'topology': <NCBITopology.LINEAR: 'linear'>,
  })
# ---
# name: TestParseGenbank.test_ok[MH200607]
  dict({
    'accession': 'MH200607',
    'accession_version': 'MH200607.1',
    'comment': '',
    'definition': 'Wasabi mottle virus isolate pLX-WMoV 6.3, complete genome',
    'moltype': <NCBIMolType.RNA: 'RNA'>,
    'organism': 'Wasabi mottle virus',
    'refseq': False,
    'sequence': 'GTTTAAATTATTGCAACAACAACAACAAATTACAATAATAACAAACAAATACAAACAACAACAACATGGCACAGTTTCAACAAACAATTGACATGCAGACACTTCAGGCTGCAGCGGGACGTAACAGCCTGGTTAACGATTTAGCCTCTCGACGTGTTTACGATAACGCGGTCGAGGAGTTAAATGCGCGTTCAAGACGTCCTAAGGTTCATTTCTCCAAGTCGGTGTCGACGGAACAGACACTACTAGCTTCAAACGCATATCCGGAGTTTGAGATTTCCTTCACTCATACCCAACATGCCGTACATTCACTTGCCGGCGGGTTGCGGTCTCTTGAGCTGGAATATCTCATGATGCAAGTTCCTTTCGGATCTCTGACGTATGATATCGGCGGTAACTTTGCTGCGCACCTTTTTAAGGGTCGTGACTACGTGCACTGCTGTATGCCAAATTTGGACGTTCGCGATATAGCTCGCCATGAAGGACATAAGGAAGCCGTTCACGGCTACATCTCCCGCTTGAAAAGGCAAAGGAGACCTGTTCCTGAGTATCAGAGAGCTGCGTTCAACAACTACTCGGAGAATCCGCATTTCGTTCATTGTGACCAACCTTTTCAACAGTGTGCCTTAAGTACTGTGAACGGTGATGACACTTATGCTATTGCCCTTCACAGTGTATACGACATTCCTGTTGAGGAGTTCGGTGGTGCGCTACTCAGGAAGAACGTCAAAGTTTGTTATGCGGCTTTCCATTTCCATGAGAATATGCTACTCGATTGTGACACAGTCACTCTTGAGGAGATTGGAGCTACATTTCAACGTGCAGGCGACAAGTTAAACTTTTTCTTCCACAATGAGAGCACTCTCAACTATACCCACAGTTTTAGTAATATAATTAAGTATGTGTGTAAAACCTTTTTTCCCGCCAGTCAGCGGTTTGTGTATCATAAGGAGTTTTTAGTTACAAGAGTCAATACGTGGTATTGTAAGTTCACTAGAGTGGACACTTTTACTCTTTTTCGTGGTGTGTACAAAAACAGTGTCGATAGCGATGAGTTTTATAAGGCTATGGATGACGCATGGGAATACAAGAAGACTTTAGCTATGTTAAATGCCGAGAGGACTATCTTCAAGGATAACGCGGCTATTAATTTTTGGTTTCCGAAGGTCAGAGATATGGTCATCGTTCCTCTTTTCGACGCATCCATCACAACAGGAAGGATGTCTAGAAGAGAAGTTATGGTGAATAAGGATTTTGTTTATACAGTCCTCAACCATATTAAAACATATCAGGCAAAGGCTTTGACTTACGCTAACGTACTGTCCTTTGTAGAGTCTATCAGGTCGAGAGTCATAATTAATGGGGTCACAGCTAGGTCTGAGTGGGATACGGATAAGGCAATTCTAGGTCCGTTAGCAATGACTTTTTTCCTTGTTACAAAGTTAGGTCATGTCCAGGATGAAATAGTCCTGAAGAAGTTCCAAAAGTTTGATTCGACCGCCAAAGAGCTGATTTGGACTAGTCTCTGCGATGCCCTGATGGGGGTTATACCCTCGGTCAAAGAGACGTTGGCACGTGGTGGTTTTGTCAAACTCGCTGAAGAGAGTTTGGAGATCAAGATTCCAGAACTGTATTGCACTTTCACAGACAGGTTAGTGCTGGAGTACAAAAGAGCTGAAGAGTTCAAGTCTTGTGATCTGTCTAAACCGTTAGAAGAGTCAGAGAAATACTACAACGCTTTATCCGAGCTGTCTGTGCTCGAGAACCTCGACTCTTTTGACTTGGAAGCCTTTAAAGAGTTGTGCCAGAAGAAAAGCGTTGATCCGGATGTCGCTGCAAAGGTGGTGGTGGCGATAATGAAGAGTGAGTTGACGTTACCGTTCAAGAAGCCTACTGAGGAAGAAATCGCAGAGTCGCTTAGCAATGATACAATACGGAATGAGGGTTTGAGTCTGAGTAATACCGCACCTTTCCCGTGTGTGAGCAATCTCGAGGGAGGGTTGGTGCCAGCGTGCGGGCTGTGTCCGAAAAGTGGTGGTTTCGACAAGATTGATATGGATATATCTGAGTTCCATCTCATGAGTGTAGATGCAGTTAAAAAAGGGGCTATGATGTCAGCGGTGTACACAGGGAACATCAAGGTTCAGCAGATGAAGAACTTTGTAGATTATCTAAGTGCGTCACTGTCAGCTACTGTCTCAAATCTCTGTAAGGTGCTTAGAGATGTTCATGGGGTAGATCCAGAGTCACAGGAGAAATCCGGAGTGTGGGATGTGAGAAGAGGACGATGGTTACTAAAACCTAACGCGAAATGTCACGCGTGGGGAGTTGCGGAAGATGCCAATCATAAGTTGGTTATCGTGTTACTTAACTGGGATGATGGAAAACCTGTCTGCGATCAGACATGGTATCGATTGGCGGTGTCTAGTGATTCTTTGGTGTATTCCGATATTGGGAAACTTAAAACGTTGACGTCGTGCTGTGTGGATGGCGAACCTCCAGAGCCTAAGGCCAAGGTGGTTCTTGTTGATGGAGTTCCAGGATGTGGAAAAACGAAGGAAATTCTGGAGAAGGTTAACTTCTCTGAAGATTTGGTTTTAGTCCCTGGAAAGGAGGCGTCGAAGATGATTATACGACGAGCGAACCAGGCAGGAGTTACGAGAGCTGATAGGGATAACGTGAGAACAGTGGATTCTTTCTTAATGCACCCTCCAAAGAGGGTATTTAAGAGGTTGTTCATTGATGAAGGATTAATGCTGCATACCGGTTGTGTTAACTTTTTGACGCTGATTTCGCAATGCGATATAGCATACGTCTACGGCGACACACAACAGATTCCCTTCATTTGTAGGGTTGCAAATTTTCCGTATCCCAAACATTTTGCAAGACTTGTCGTTGATGAAAAGGAAGACAGAAGGATAACGCTCAGATGCCCTGCAGACGTCACTTTTTTCCTTAACAAGAAATATGACGGCTCAGTGTTGTGTACCAGCAGTGTGGAAAGATCGGTCAGTGCGCAGGTTGTGAGAGGGAAAGGTGCTTTAAACCCGATAACTTTACCGTTAGAGGGGAAAATTTTAACCTTCACACAGGCCGACAAGTTCGAGTTACTAGACAAAGGCTACAAGGATGTGAATACGGTCCATGAGGTTCAAGGGGAAACATATGAAAAAACAGCTATTGTTCGGTTAACGGCAACTCCGTTGGAGATCATATCCAGGGCGTCACCTCATGTTTTGGTGGCGCTGACGAGACACACGACTAGTTGTAAATATTTTTCGGTCGTGTTGGATCCTTTAGTGAGTGTGATTTCAGAGATGGAGAAGTTGTCCAATTTCATCCTTGACATGTACAAGGTGGAGTCGGGAACCCAATAGCAATTACAGATCGATGCGGTGTTCAAAGGGGTCAACTTAAATGTTCCGACGCCAAAGTCAGGAGATTGGAGAGACATGCAGTTTTATTACGACACTCTTCTTCCTGGTAACAGCACTATTCTTAACGAATTTGATGCTGTTACCATGAATTTGAGGGATATATCCTTAAATGTCAAAGATTGCAGAATCGACTTCTCTAAATCCGTGCAAGTGCCCAAAGAAAAACCAGTTTTCTTAAAACCCAAGATAAGAACTGCGGCAGAAATGCCGAGAACTGCGGGGTTAATAGAGAATTTGGTTGCAATGATCAAGAGAAATATGAATGCACCGGATTTGACTGGGACGATAGATATAGAGGACACTGCATCACTGGTGGTTGAAAAGTTTTGGGATTCGTATATCATAAAGGAGTTCAGCGGAATTGAGGGTATGGCAAGGACAAGGCAAGGTTTTTCAAGATGGCTTTCTAAACAAGAGTCGTCTACGGTCGGTCAGTTAGCGGATTTCAACTTTGTGGATTTGCCTGCAGTTGATGAGTACAAGCATATGATCAAGAGTCAGCCTAAGCAAAAGTTAGACTTGAGTATTCAAGATGAATATCCTGCTTTGCAGACGATAGTCTACCATTCAAAGAAGATCAATGCAATTTTTGGTCCTATGTTTTCAGAACTTACGAGAATGCTTCTTGAAAGAGTTGATACATCTAAGTTTCTGTTTTACACTAGGAAAACGCCGACTCAGATTGAGGAATTTTTCTCAGACCTCGATTCGTCGCAAGCAATGGAAATTTTGGAACTCGACATTTCAAAGTACGACAAGTCTCAGAACGAGTTCCATTGTGCTGTGGAATACAAGATATGGGAGAAGCTTGGAATAGACGAGTGGTTGGCAGAGGTGTGGCGACAAGGGCACAGGAAAACGACGCTGAAAGACTATACGGCCGGGATCAAAACGTGTTTGTGGTATCAGAGGAAAAGCGGTGATGTAACTACCTTTATTGGGAACACCATCATCATCGCTGCGTGCTTAAGTTCTATGATTCCGATGGAAAAGGTGATTAAAGCAGCATTCTGCGGTGACGACAGTTTGATTTACATTCCGAAAGGTTTAGATCTGCCGGATATTCAAGCTGGAGCCAACCTAACGTGGAATTTCGAGGCGAAGCTCTTCAGGAAAAAGTATGGTTATTTCTGCGGTCGATATGTAATCCACCATGATAGAGGAGCTATTGTATATTACGATCCACTTAAGCTAATATCTAAGTTAGGTTGTAAACATATAAAGGATGAGGTCCACTTAGAAGAGTTACGTAGGTCTCTGTGTGATGTAGCTAGTAACTTAAATAATTGTGCGTATTTTTCTCAATTAGATGAGGCCGTTGCCGAGGTTCATAAAACCGCGGTTGGCGGATCGTTTGCTTATTGTAGTATAATTAAATACTTATCAGATAAAAGGTTGTTTAAAGATTTGTTTTTTGTTTGATAATGTCGACCGTGTCGTACAAGCCTAAGGTGAGTGACTTCCTTGCTCTTTCGAGAACAGAGGAAATTTTACCGAAAGCTTTAACGAGATTGAAGACTGTGTCTATAAGTACTAAGGATGTCATATCAGTTAAGGAGTCTGAGTCTTTGTGTGATATAGATTTGTTAGTTAATGTGCCATTAGATAAGTTTAGATACGTGGGTATTTTAGGAGTTGTTTTTACTGGCGAGTGGCTTATTCCGGATTTCGTTAAGGGTGGTGTGACGGTGAGTGTGATTGATAAGCGTCTGGAAAACTCGAAGGAGTGTATAATTGGTACGTACAGAGCTGCTGCTAAGGACAGAAGGTTCCAGTTTAAGCTGGTGCCTAACTACTTTGTGTCTGTAACGGACGCTAAGAGAAAACCGTGGCAGGTTCATGTGCGTATTCAAAATCTGAAGATTGAAGCTGGATGGCAACCGTTGGCTCTGGAAGTTGTTTCCGTAGCTATGGTTACCAACAATGTGGTTGTGAAGGGTTTAAGAGAAAGAGTCATCGCTGTAGATGATCCGAACGTTGAGGGTTTCGAAGGTGTAGTTGACGAATTCATCGATTCGGTTGCAGCATTTAAAGCGGTTGACAATTTCAGGAAAAAGAAAAGGAAGATTGGAGGAAGGGATGTGATTAGTAAGTATAAGTATAGACCAGAGAAGTACGCCGGTCCTGATTCGTTACTTAATAAAGAAGAAAATGTCATACAACATCACGAACTCGAATCAGTACCAGTTTTTCGCAGCGGTATGGGCGGAGCCCATAGCAATGCTTAACCAGTGCGTATCAGCGTTGTCACAGTCGTATCAGACACAAGCTGCGAGAGATACTGTCAGACAGCAATTCTCGAACTTGTTAAGTGCGATTGTGACACCGAACCAGCGGTTTCCAGAAACAGGATACCGGGTGTATGTTAATTCAGCAGTTCTAAAACCGTTGTACGAGGCTCTTATGAAGTCTTTTGATACTAAAAATAGGATCATTGAGACCGAAGAAGAGTCGCGTCCTTCGGCTTCCGAAGTAGCCAATGCAACACAACGTGTTGACGATGCGACCGTGGCCATCAGGAGTCAAATTCAGCTTTTGCTGAGTGAGCTTTCCAGTGGACATGGTCTTATGAACAGGGCAGAGTTTGAGGTTTTAATACCTTGGGCTACTGCGCCGGCTAAATAGGCGTGGTGCACACGATAGTGCATAGTGTTTTCCTCTCCACTTAAATCGAAGAGGTATTCTTACGGCGTAAATCCGTAAGGGTGGCGTAAACCAAATTACGTAATGTTTTGGGTTCCATTTAAATCGAAACCCGTTATTTCCTGGATCACCTGTTAACGCACGCTTGGCGTGTATTACAGTGGGAATAACTAAAAGTGAGAGGTTCGAATCCTCCCTAACCCCGGGTAGGGGCCCA',
    'source': dict({
      'clone': '',
      'host': 'Eutrema japonicum',
      'isolate': 'WMoV-6.3',
      'mol_type': <NCBISourceMolType.GENOMIC_RNA: 'genomic RNA'>,
      'organism': 'Wasabi mottle virus',
      'segment': '',
      'strain': '',
      'taxid': 1169032,
    }),
    'strandedness': <NCBIStrandedness.SINGLE: 'single'>,
    'topology': <NCBITopology.LINEAR: 'linear'>,
  })
# ---
# name: TestParseGenbank.test_ok[MT240513]
  dict({
    'accession': 'MT240513',
    'accession_version': 'MT240513.1',
    'comment': '##Assembly-Data-START## ; Sequencing Technology :: Sanger dideoxy sequencing ; ##Assembly-Data-END##',
    'definition': 'Babaco mosaic virus isolate AC2-6 coat protein gene, complete cds',
    'moltype': <NCBIMolType.RNA: 'RNA'>,
    'organism': 'Babaco mosaic virus',
    'refseq': False,
    'sequence': 'ATGAGTGGAAAATCAGAGTCATCCAACACTGGAAACCCCCCCTTCCCAAACCTCACCAAAGAGACAATGGCCAGATTCAACTTCAAACCGAGCTCTAACTTGCTGCCCAGCGAGGACGAGCTTAAGACCATATCCACATTACTGGTGGCGGCCAAAATACCGAGTGCAAGTACCACCATTGCTGCAATGGACTTGGTCAACTTCTGCTATGACAATGGGTCCAGTGTGTACACGGTAATTTCCGGAGAATCTTCAGTTACCGGCATCACCCTGGCTCAGATTGCTAGCATTGTCAAGGCTTCAGGCACCTCATTACGAAAATTCTGCCGATTCTTTGCACCAGTGATCTGGAACCTGAGGACTGACAAAGTGCCCCCCGCCAACTGGGAGAGTGCTGGGTACAAACCAACCGAAAAATTCGCCGCCTTTGATTTCTTCGACGGCGTTGAAAACCCAGCCGCCATGCAACCACCGGGAGGGCTCATTCGGTCTCCAAACCAAGCGGAGAGAATAGCCAACCAAACCAACAAACAGGTGAACCTCTTCCAAACTGCAGCCCAGGGGAATAACTTGGCCTCCAATTCTGCATTCATAACCAAGGGGCAGATCTCGACGTCCACTCCATCCATCCAGTTTCTTCCGTCTCCAGAGTAG',
    'source': dict({
      'clone': '',
      'host': 'Vasconcellea cundinamarcensis',
      'isolate': 'AC2-6',
      'mol_type': <NCBISourceMolType.GENOMIC_RNA: 'genomic RNA'>,
      'organism': 'Babaco mosaic virus',
      'segment': '',
      'strain': '',
      'taxid': 2060511,
    }),
    'strandedness': <NCBIStrandedness.SINGLE: 'single'>,
    'topology': <NCBITopology.LINEAR: 'linear'>,
  })
# ---
# name: TestParseGenbank.test_ok[NC_015504]
  dict({
    'accession': 'NC_015504',
    'accession_version': 'NC_015504.1',
    'comment': 'VALIDATED REFSEQ: This record has undergone validation or preliminary review. The reference sequence is identical to HQ593109.; COMPLETENESS: full length.',
    'definition': 'Banana streak UL virus, complete genome',
    'moltype': <NCBIMolType.DNA: 'DNA'>,
    'organism': 'Banana streak UL virus',
    'refseq': True,
    'sequence': 'TGGTATCAGAGCAAGGTATGATTTAATGGCTTTTATGGGGTAAATCCCTTAGATAGGAGCCTGAGGGCTCTGCTTTCTATGTTAAAGACAACTACTTGTGCAAGTTTGATGATTGATAAGTCGAATAGGTGAACTTTATCTCCTGAATTAGCAGTTTTATTAGAAGTCGCTTACAGGCTAGGAGGAAGCTTGGTTTCATACTATCCAAAGAACACCATAATGCATGAGAAAGTAGAGGCATAGACATAAAAGTACCCGTCAAGGCAGGAAGGCCGCTAAGGGGAAAATGTCACATTGCTGAGGATATCATGCTGTGTGTTTAAAGGAAGTATATGTGCCTTATAGCTACTAGCTAAAGACTTCGAAGACGCTGCTATAATAAGGATCAAGATAAAACTATATCCTAGTAAGATGTAAGATCAAATATAACCTCTGGAACTGGGGTAGAAGTCTGGAACTGGGAAGCATCCCAAGGGGTTCTCCTATCTTGTTTATCATAAGAAAAGTCATTAAGTTTTATTTAACCGTTGCATGACATCTGAAACCGAGTGGGAACAAAAATTTCTTGTTTGGAAAAACTCTCATACTGGAATAGAAGCTGATCAGGCTTTAATTCAAGGATCTAAGATCAAAAACCACGAACTTAATCACAATATTCGTGTTACCTGTTATAGATCGGATCTTGGATACAAAGTGCTACTAACATCGCAGGAAAAGGCGAAGGCACATAGAAGTGAGCTATTCTCTTTGTTAAGAGAACATAATATAGCGCACAACCGACATCTGAAGGAAGTCGAAAAAGAAGCAAAGGAGGCTGTTAAAATATCCAGATCCCAGAGATCTGAGATCAAAAACCTCAAGCTCCAACTGGACGTCATCTCTGAGGAGCTGCAAGCTCTCAGGAGAGACTATCTTGAACGGCGACCTCTCAACAAAGGCGACGTTGAGCAATTGGTGTTGCAAATCACAGAACAGCCAAAGTTTATCGAGAAGCAAACTGAAGCTTTGCTAGAAGACGTCTCTAAACTGGTGGTATCTGTTAAAAGAGAAGTCAATCAAGTACAACAAATGTTGGATCTGATGAGAGGATGAGCATCTCTAACACAGACTACACAAGCGCCCTCGAGAAAACCAAAAACATCTTTGGAAACACTAGTGTTGGGTTTGTGGGAGAAAATCCTTCTCAAACATCTACTGCAAAACAGCTGAACACACTTATTCAGCTAGTGATTCAAGTACACACCAAATTGGGAGTGATTGAAGACGAGGTCAAAAGGCTAAAGGAAAGACTTCCAACTACCGGTACATCAACTGGTGGGAAAGACTACTTAGCAGATCTTGACGACATCACAAAAAGACTATCAAATCTAAAGGTGACAAAAGAACCAGTGGTTCAAGGAACTCTGAAGGTTCTTAAGAAATTTTAAAGATGGCATTCACAGGCCAAGGAAGAAGGCTCGGGACTGGTTCCACAACAGTCCTAGAAGACAACACAATCCTCTCTGACCAAATCAGAGACTACAACAGAAGACAAAGAGCCAAGCACGAGATGCAGAATATCGTTGCAAAACCTTCTGCAATTTTTAAAAGGATAATTGGAGGGAGTCAATCTGAAAAGACCCTAGAAATGGTGCTAGATCCAGAAGCTGAGCTGGAAAAATCAATGAAAAGGAGAGCTAAAGCATTCCCAGCTGAAGTAGTATATGCACCAAGAAGTGACAACAAGCTGCATAAAGTCTTCCAAGGAAGAACAAGTCAAGACATCATGGTTGTTGATGATAACCAACTGGATATGACCTTCATCAGAGAAGAAACCTTTGAGCAATTGGAGAGAGCTGGACTCCGGTATATTCATATCGGAACGTTACAAGTAAGAATACAGCCTCTACATCAAAGATGGTCTGGAACCATGGCTTTCATTGCATTCCAAGATACAAGGAGCCAACCAGCCACGGTAATAGCAGCTATGGAAGTAGATCTGAGTAAAGGAGCTCAGATGATTTATATAATCCCAGATTTCATGACTACAATTGGGGATTTCTATCAAGGTATCCAGTTATCAATCAAAACAAAAGGGTACAACAACTGGCGTGGAGAGGCTAATCTCCACTTAGAAAGGATGGTAACAGCAAGATTATCCAGTACCTCAAACACTGGATTTGAGATAAAGATTGACAAAGTGGTGCAATTCATTAGAACAAATGGCATCAAGGCCATTGAAGCTGAGAAGAAATCTGTCAAGCAATTTCAAGGAAAAGAATGGAACATCCAGCCCATCAAAGTTGAAGTTGCCATGAAACCTAACAAGATGACAATCACTGATGAGTATGACAACTCCAAATCTTTTAGGTTTGGACATTATCAAGCTTCAAGTAATCAGCCAGCACCAGAGTACAATAGTGAAGATGAGATTATACAAGAAGAAGTCCGCATGACCCTATGCGAATCTGAAGACGAAGATGAAGGGATCTCAGCCCTTCAAGAAATTGAGAATTTCTTGTCTGCACTTCCCCCGGAGGGTGGAGGGAGTAATTTTTCTGCCGCAAGGTGTTCTGAAAATTGTGAAGACGACGAAGAAAGTATCATCAATGACTTTCTGAAACTCTCACATGAAGAAGTTTATATGGCAGAAGAAGATTCTGACTACCCAGCAATCAGGAAACTGGAAGAATTGATAAAGCAAGAAGAAGTCAGAATGAGTGACACAGGATCATCAGCTATGATTCCAGCTGATATTGATATGGAGGGTGATCTGCCAAGATATGCACCTGCACAAGGGCAAACGGGTTGGTCGGATTACAACCCTCAGCAAAAGCATTTTGGTGGAACATCAAAGAAGTGGAGCAACCCAGTTAACCACTGGAATTTGCCAAGTGCCAATGCAGCAAACGGATCTATGTTGGTCTTATCTATTGGCAAAAATAATGATATCTTTGAGAGATGGGAGTCATCAACTCTCAATTATATGGCTTCACAAAATATATCTGGCTCAGAGGAAAAGATTGCCAGGATTGAAAATTTATTGGGAGAAACGGAGAAGAAAACCTTTATTGGATGGAGAATGGCCTACACCACAGAGTTCGAATTATTAAAGGCTCAAGCCATAGGAGTCAATGGAACTCAGAATGTGATCTCCCAAATCAGAAGAATATTGCTAGGAGACAGCCCAAAACAAGGAACTACACTAACTCAAGATGCAGCATATAAAAGGATCAAATCTTTGGTCTGCACAGAGCTATCATATCCAGCAATAATGAGATATCTTGTGGGATATTTTCATCTATCCGCAAGAACAGGAAGGATGTGGTCTTCAAAGGAATTATCAGATGAATTTTTCACCAAACTGCCTGATGAAATCAGCGACTCAGCAAAGGAAGCCTTCGATAAGAAGTTCCCAGGTACGAATATACATGTCCCAGCAAGAATTGAGTTTACATACAATTACCTAGAGGAAATATGCACAGAAAATAATAAGCAAAGAAGGCTAGGAAAGTTAAATTTCTGCAGAGGATTCCCAGTCATTAATCCTCTAAGCAAGAAATACAAGTCACTAGGGACCAGAAGAACCACAACATATAAGGGCAAACCACACCACACGCATGCCCGTATTGACAGAAGAAAGTATCTACAAGCAAGGAAGAAAAATTGTAGATGCTATGTTTGTGGAGAAGAAGGACATTTTGCCAAAGAATGCAAGTCCCAAAAGAAAATTCAAGAAAGGGTAAATATTGTCAACGAATTAGATATTCCTGAAGGGTATGACATTGTTTCAGTAGGCTACGATGAAAAGAGTGTTGAGGACATCTTTAGCATCTCTGAAGGAGAAGATCAACAAGCTCATATCTTAAAGGAAGAAGATGAACAGTTACCCACTACACCTTTATCATGGGAAGATTGGGAAAATTATTATAAGAAGGAATTCTTATATATGGCTGAAATTGAAGAAGTTTCTTCGGAGGAAGAAAAGGAAGATAATGGACCCTGGCTAGTAGGAAAAGAAGGAGGATTCATGTATCAAATGAAAGTCTCAAGGAAGCAATATCACTGCCAACATGAATGGTTTTACAATCAACCAAAAGCCAGAGTTTGTCAAAGGTGCTTCTGTAAAGCATCTAAGGGACAATATATAATCTGTGGAAAATGCAAAGTCAAGGTTTGCAACTTATGCTCAGATTATTGCTATGGAATATCTCTAGTTAAGAAAGAAGAAGACCCAGAAGTAGACTACAAAAGCTTAGCAGCCAGTCTTATATCTGAAAATGAGAGGCTGAAGCTAGAAAAGAAGGTGCTACTGGAAGAACTAAATAAAGAGATACTGGAGAAAAATCAGCTGAGAAACGAATTGCCAGTCATTGAAGAAACAAACTCCGAAGCTGCACTAGAGATTGACATGTTACAAGAAGTAGTAACAAGCTTACAGAGACAGTTAGAGCAAAAGGATCAAATAATAATACAGCTCACAAACAAGCTTAAAGGCTATGAACAAGCATCATCAAGCTCAGAAAAGATCCTTATGGCAAAAGAAAAACTACAGGAAACAGTCCTAATCTCAGCAAGGAAGGATCCAATGTACAGGTTTGACGTACATGTGGAAGTTGAAGGAAAGAAGACTAAGCTTAAGGCGTTGCTAGACACAGGAGCAACCAAGTCTTGCATCAATATTGACCATCTTGATCAAAGCTATTTGACAGATTCAAAATTCGCAGTAGATATTGAAGGAGTAAATTCATCAACAAGAGTCACCAAGCAACTCAAGGAGGCTAAGTTATGGGTAGGAGGTACATTCTTCACACTTCCCATTACTTATGTTGGAAAATTAGATCTTGGCGAAAGGACTCAAATGGTTATTGGGTGCAACTTCATTCAATCTTTAAGAGGAGGTTTGAGATTAGAAGGAAGAACAGTCACCTTCTACAAGCTCACCACCCATGTTCAAGCAGATGAGTATCTAAAGATGGCTGAAGAACAGCTGATGATTGCACAGCAACCTTCACCTTTCATTGAAAAATCATTTATGACAAGGAACAAGGAAATCATAAATGAGATGAAGGAATTAGGATACATTGGTGATGAACCATTAAGGTACTGGGCAAACAACAAGGTCAAATGCCACATCAGAATCAAGAATCCTGAGCTCACTATTCAGGACAAGCCTCACAAGTTTGTGACACCACAGATGAAGGAACAAATGCAGAAACACATGGATGAATTACTAAAGAGAAAGGTAATAAGACCCTCATCCAGTAGACATAGAACAAATGCCTTCATTGTGAATTCAGGAACAACAGTTGACCCCCTGACGAAGAAAGAAATCAAAGGAAAGCCAAGACTAGTATTCAACTATAAAAGGTTGAATGACAATACTGAGAAGGATCAGTACTCTCTTCCCGGCATAAATGGGCTACTAAAATCAGTAGGTAACGCAAAGATTTATTCAAAATTTGATCTTAAGAGCGGATTTCATCAAGTAGCAATGGAAGAAGAATCAATCGAATGGACAGCTTTTTGGGCGTTCACAGGGCTATACGAATGGCTAGTCATGCCATTTGGACTCAAAAATGCTCCAGCAATCTTCCAGAGAAAAATGGATAACTGCTTCAGAGGTACTGAAAAATTTATTACGGTTTATATTGATGATATCCTGGTTTTTTCAGAAACTGAAGAAGAACATGCAATCCATCTCACAAAAATGCTGGAAATCTGCAAAAGGAATGGATTAATCCTAAGCCCTACCAAGATGAAGATTGGAGTTAAAGTAATTGATTTCTTGGGAAGTACAATTGGACAAAACCAGCTGGACTTACAACCACATATTGTGCAGAAAATAGTAGATTTCAGTGAAGAAAAGCTCAAAACAAAAGAAGGATTAAAGTCCTGGTTAGCAATTCTGAATTATGCCAGAGGACATATCAAAAATTTGGGAAGAACACTAGGACCATTATATCCCAAAACATCAGAAAAAGGAGAGAGAAGTCTGAATTCAGAAGACTGGAGGATTATAAGAAGAATGAAGCAAGAGGTACAAAAACTACCAAAGCTTTCAATACCCCCGCAGGATGCGTACATAGTCATTGAGACGGATGGTTCAATGAATGGGTGGGGAGGAATTTGCTGTTGGAAGAAAAGCAAAAATGATCCAAGAAGTACTGAACAAATCTGCAGGTATGCAAGTGGAAAATTTGCAAAACCAAAATCCACAATCGAAGCAGAAATCACAGGAGTACTTCAAAGCCTGGAAAAATTCAGATTATATTACATTGACAAAGCTGAAATCACGGTCAGAACTGACAGTAGCGCAATCGAAAGATTTTACAATAAAAGCACTGAGCACAAGCCTTCAGAGGTAAGATGGATACATTTCATGGATGTCATCTCTGGTGCAGGGCCAGAAATCAAGTTTGAGCATATTAAAGGCAAAGAAAATACATTGGCTGATCTATTATCAAGACTAAACAAAGTCTTAAAGGTAGAAGCTTCAACGGAAATGATTACTTTGGCTAGGGCCTTACGAGAAATTGATTATGATCAAGATCATCCAGCCTTCAAGAAAATCCATGAATATTCTCAAAAGGTTAAGTGGCCGCAAGTTACAGCAAAGGAAGTAATATGCATGGCTGATGTTAAGGAGATTGCCCCTTTGTGCAATTGTTCTAAACCAGCAATGTTACGAACTTCCATGACCTCCCGAAGTCCAAACAGACAGTTTTGGAATTGTGCGGAAAAGAGATGTCACGCCTGGTGGTGGTATGACAATTTAGAAGGCTACATTAAAAATGAAGTTGATAAAAGGCTACAAAGGATATTGGCTGAACAAGACGAAGAATTCGAGGAATTATGTGAAATCTACAAGGAGCTAGAACAACAAGAAATCCTCAGGAATCAAGCTACAGATGATCCTTTGGATTGGAATGAGGTAAGCAATGACGACTGAAGAAGCAAAAACGTCAGGAATGACGTATAAGCGCACCATAGGATGGCACTAACTTATGTGACAGCTTGCAAGATGCCTTCACCAACCGGTAGGTAGGCAGAATAATGGATCTGCGAATCTACTTTTGTAAAGAGGCCTGCGTGCCTTCTAAGCAAAGTCTTAGGTGCGATGCTGCGTCACGCACGATGGACTGCTTTGTAACTTTAGTCCAGAGCATCTTGTGCTTTACTGGTATTATTGGTGACGATGGGGCCCAGAGTGCACCCGGCCACGATACTCAGGCAAGCCAAGTCCTCTATATAAGGACATATTGTATGCTCTTACAGGCATCGACCCCCCAAAGTCTTATGCCTATTTGAGCTTTCAGGCTTGATAAGTAAGAAAACCAATTTCCGCTACTCTGTTATTCCCGGATTTCTAGTAGTTGCAAGTGAGACGAACGATCTTCGGAGGAAACGATCCGCCGATAG',
    'source': dict({
      'clone': '',
      'host': 'Musa sp. cv. Kibuzi',
      'isolate': '',
      'mol_type': <NCBISourceMolType.GENOMIC_DNA: 'genomic DNA'>,
      'organism': 'Banana streak UL virus',
      'segment': '',
      'strain': '',
      'taxid': 1016856,
    }),
    'strandedness': <NCBIStrandedness.DOUBLE: 'double'>,
    'topology': <NCBITopology.CIRCULAR: 'circular'>,
  })
# ---
# name: TestParseGenbank.test_ok[NC_036587]
  dict({
    'accession': 'NC_036587',
    'accession_version': 'NC_036587.1',
    'comment': 'PROVISIONAL REFSEQ: This record has not yet been subject to final NCBI review. The reference sequence is identical to MF978248.; COMPLETENESS: full length.',
    'definition': 'Babaco mosaic virus isolate Tandapi, complete genome',
    'moltype': <NCBIMolType.RNA: 'RNA'>,
    'organism': 'Babaco mosaic virus',
    'refseq': True,
    'sequence': 'GAAAAGCAAAGCAACTCAGCTCAACTCTCCACAAGAGAAATCAAAAGAAGTGCAAACCATTCGCGGCCCTCGAGGTGATCAATTACCCATCAAGGCTAGATCAACGGGATGGCTAACTTCAGAGCTGTTATGGACCAATTAAATGACCCCTCACTTAGAGCAGTAGTTCAAGAGGAGGCCTACAGAGAAATTAGGAAAACCATAGAAGTAACTAAAACATACAACCCATATGCACAGTCTTCGTTAGCAGCTGATTCATTAGAAAAATTAGGAATAGAAACTAACCCGCTCGCTGTAAGAGCTCACACTCACGCAGCAGCCAAATCAATAGAATTAGACATGTACAAAATAGCTTCCCATTATCTCCCGAAGGAGAATCCGGTAACGTTCCTCTTCATGAAAAGGGCTAAACTTCAATATTTCAGGAGAGGACCCCAACAGAACGACGTATTCTTAAATGCCCACGTTGAGCCCAAAGATGTGGTAAGATACGACCCGGACGATCTATTCGACGCAGACACAACACCCAAAATCCAAACGTCAGTAGCTTTCATGGGTGATGCTCTTCATTACTTCCCTCTAAGCGTGATCAACAAAATCTTCACAGCTTCCCCAAAACTCAAAACTTTGTACGCCACGTTGGTTTTACCAGCTGAGGCCGCTCACAGGATGCACTCATTACATCCAAGCATATATGAGCTCCAGTTCCACGAAGAGAATTTTTTGTACAAACCAGGAGGACACGCGGGTGCTGCATACTGCCACACATACAAGCAGCTTGAGTGGCTCCAAGTGGGAAGATTTCGATGGGAAACCGCCTCAGGCGAGGAAAGGAATGTCACTTCTCAAATACTGGAAACTAAAGGAGCAAACCACCTCATGGTCTTCCAGAGAGGATTGTACAACACACCGACCCTGAGGTGCTTCGGCGTCGAAACAAAATATGTGACCATGCCTCCCATTTTCCTACCAGCTAAATTCAACGCTCGACTGCCCATAAGAAAAACTGTCGCCCAACAACTCTTTCTCTACGTAAAATCTGTCAAGTCTGTGACCGAAAGAGATATATGGGCAAAAATCAGGCAACTCATCAAAACGGCTGACTTACAGGAATACTCCTCAAAGGAACTGACTTTGCTGGTAAACTATTTCTTTCTAATCTCAAAACTGAAGTCAGAAACATGCTTCGACAGCATCTTATCGGGGGGAATGATCAAGAGAGTGTTCAAACCTCTCATATCCTGGATCAATGAGAAGAAAGGTTTCATATTTGGAAAAGATCAGTTCATTCAGCTCATGGAAGCCTTGGAGTGGGTAGAAATCGACCTTACTTATAAGACAAAAACTTTCGATGAACCCAACGACAAATCAAGCTTCAACCCGATGGGATACCTGCCGTTGAAAGACGAGGAAGGCCTACCCGGGCTACAAGAGAGCAGCTCAGATCAACCTCAGGCTACCGAGGAGGATCAAGTGGCCTACGACAAATACCTCAAGGCACTAAGCAGGCTACAAGCGAGTGACGAGTCAGAGGAAAGAGAATCAGGCCCCCCCCCAAGCAATAGCGAGAGTGAGGCATCCAGTTCAGGAGGAAACCAAGCTGAAGAAACTAACAGCTGCCCACCAAACTCAACAGAAAAGAGCAGAGGTCTGGATGCAATACTGTGCCCATGTGGACTCTCAATACCCTTAGGAAAGGCAAAGTTTCCTGAAATTCCAGTTTTGGAACATCCCGAGAGACTCAAGGGAAGAGATGCCTTCTTCTTCTCAAAGGACAACAAGCCTTACTCCTACACAGGAGGGAGCCATCATTCAAGAGGCTGGCCATCTTGGCTAGACTCAATTCTGGCAGCAGTGGAAGTCCAGGAAACGATGCCAAATTTCAACCAATGCTTAGTCCAAAAGTTTTCCGCCAGAAGCTCAATCCCATTTCACAGGGATGATGAGAAGTGCTATCCCAAGGGGCACCAAGTCCTCACTGTAAACTTGAAAGGAACATGCACCTTCAAAATATGCTGTGACAGAGGGGTAGGAACAGCCAACCTGGAGGAAGGCACTTACCACTTATCCCCACCAGGCTTTCAGGAGAACCACAGGCATGCAGTGGAAGGGTGCTCAGCTGGCAGAGTTTCATTGACATTCAGATCAACTGCGATACAAGAACAACACTCTGAAGGCCTAGTCGCAGCCCCACTCGACTCACTTCCCTGGAAAGCATGGATACCAAAGCTCCAAGAATTAGGATTCCAGGGCAGACAACTGCAATATGATTGCAACGGTGCACTAATAAGCCCCATCGAACAGATCCAATCGATGGAAAAGACAAGGCCAAAGGGAGTTCCGGCTAGCCTTCTCACTTGCTTGGAAAAGATTGCTAGGGCACCAACCCACTTCTCCCCAAGTCCAATAAGAGCTAAAGCTTATTCCTCAGATGTGAAGAATGCGAGGATTGGAGCTATGCTGAAACAGCAAGGAAAGGATTGGGGGCACAGATTTGACGCGCTAGTCGAAGCTGGAAAGAGATCACTCCATATCTCGGTAATTCACGGAGCGGGTGGGTCAGGAAAGTCCCGCGCAATCCAAAACTACATTAAGGAGCACACAAAAGAGCCAGTCCAAGTAATCCTGCCCACCAATGAGCTAAGAATCGACTGGATGAGAAAAGTCCCGACCTTGAAGGAGACGATGTGCAAAACATTCGAGAAAGCACTGCTGGCTCCGCCCACACCAGTAGTCATATTTGATGACTACGGGAAGCTACCAGCAGGATACATAGAGGCCTTTTGCTTCTTCTTCTCCACTGTGGAGTTGGTCATACTAACTGGAGACTCAAAACAAAGCACACATCATGAGTCCAATGAGAACGCAATGACCAACCTGATCGAACCCTTCACATCGGAAGCTAGCAAACTGTGCAGATACTATGTGAACGCCACCCACAGAAACAAAAAAGATTTAGCCAACAAATTGGGCGTGTACTCAGAGGTTTCAGGCTTCACAGAAATTACGCACAGCTCCAGTCCAATTCCCGGGTTACACATCCTAGTGCCCTCTCTGTACAAAAAACAGGCTTTCTCAGAAATGGGACACAAAGCCTCCACCTATGCAGGGTGCCAAGGAATCACAGCACCCAAAGTCCAAATCCTGCTGTCTGAGGAGACAACTTTGTGCTCTAAAGAAGTGTTGTACACAGCACTGTCCAGGGCAGTGCACTCAATTCACTTCATCAACACTTCTCCCAACAACCAATCGTTCTGGAAAAAGCTGGAGAGCACCCCTTATCTGAAAGCCTTTCTCTCCACATTGAGAGAGGAAACAGCCCAAGAATCCAAACCAGCCCAAGGTGATCCGACTGCAGTTGATCCACCAAAGACACACATTCCAGTTGACTCAGCTCTGCCAATATACGAAAATATCTTGGATTCGATGCCAGAAAAACATGAAAGAGAGATATTTTCGAAGAGTCATGGGCACAGCAACTGCGTGCAAACAGAGGACTCATTTGTGCAGATGTTCTCACATCGGCAAGCAAAAGATGAAACCTTACTTTGGGCCACAATAGAAGCCAGACTTGTGGTCTCAAACCCCAAGTCGAATTGGCAAGAGTATCTAGAGAAGAAGCCAATAGGTGATGTACTCTTCGAGTCCTACAAGAAGGCTATGAAGTTGCCAGCTGAAAGAATTGCTTTTGAGCCTCAATTATGGGAATCGTGCATTCATGAAGTCCAAGGCACGTATCTGAAGAAAAGTGAGGACATGATCAAAAATGGTCAAGCTAGACAATCTCCCGATTACGACCCCAATCTCATATCGCTCTTCTTGAAGTCACAATGGGTGAAGAAAATGGAAAAATTGGGAGCGCTGAAAATAAAGCCAGGTCAGACCATAGCTTCTTTTCAACAAGCCACGGTCATGCTCTTCGGAACCATGGCTAGGTATATGAGAAGGATGAGGGAGGTCTTCATGCCAAAAAATATACTGATTAACTGCGAGACGACCCCAGAAAGCATGTCATCATGGGCTGCTGGAGAAGGAGGGTGCTGGAGCTTCAAAGGTCCCTCACTAGCCAATGACTTCACTGCGTTTGATCAATCCCAAGATGGAGCAATGCTGCAATTTGAGATATTGAAGGCCAAACATCACTCAATACCTGAGGATATCCTGGATGCCTACATCTCAATCAAAACCAATTCAAAAATCTTCTTGGGGACTCTAGCCATAATGCGTCTCACTGGAGAGGGTCCAACATTTGACGCAAACACGGAGTGCAACATAGCCTTCACCCACACAAAATTCCAAATACCAGATGGGACGGCTCAAATATATGCGGGAGATGACTCGGCAATTGATGCACTGCCCGTGGTGAGAAAAAGCTTCAAGCAAATTGAGAACAAGCTCACCCTAAAGTCAAAACCTCTGGTGGCCCTGCAACAGAAAGGAGACTGGGCTGAATTCTGTGGTTACAGGATAACTCCAGCAGGTTTCATCAAAGATCCAAAGAAATTGCACGCATCACTGATGTTAGAAGTTAAAAAGAAAAACATTAAAAATGTCAGAAGATCTTATGAGTTGGATCTAGCTCTTGCGTACCAACATAGAGACCGACTCCATGAACTGCTGTCTGAGGAGGAGCTGCGCTTTCATTACGAAACGGTTCGAACGCTGGTTAAGTCAGGAGGTGGGGAGGTTTTGAAAACATTCCTTCCCAAAGATGAATCACTTTATTGAAGTTCTCACAGCTCAGGGTTTCGTCAGGACTAACGAACCCATCAGTGAGCCACTAGTTGTCCATGCTGTTGCTGGCGCCGGGAAATCTTCCCTCGTGCGGCAATACATCTCCGAAAATCCAAACTCTAGAGCTTTCACACACGGCGTACCCGACCCACCCAACTTGACAGGTCGATTCATCCGCCCCTTCAGAGGCCCAATTGAGGGTTGCTTCAACATCCTGGACGAGTATTCGGCGGAGCCAATCGTTGGGAATTGGCAAGTTCTCATCGCCGACCCACTGCAACACAAGCCTCAAGCACTAACCCCCCATTACATCAAGGAGACCTCGCATAGACTAGGGAGCAACACTTGCGCCCTACTCACATCGCTGGGTATCAGGGTCAACTCCACCAGAACCGACGACTTCGTGGACTACTCCGGAATCTTCGACAAACCTTTGTTTGGAGAAGTCATTGCCTTAGACAGACCAACTTTGGATCTGTTGGAATCTCACGGCATATTACCGCACTGTGCGCAGAAAGTCTTGGGGCAGGAATTCCACACAACGACAGTCTTGAGCTCGGTACCACTGAACCTGGTCAGAGAGAAACACTTGCTCTACATTGCGCTGACCAGACACAAACACAAGCTCCATGTCAGAGCTCCCGCGCTCACTCACACCGCCAAGTGATAACTCTAGTGCTATATTAGCTGTAGCAGTAGGTATAGGATTAGCTTTGTTTACTTTCACACTACTCTCCTATAAACTGCCTGTACCCGGGGATAACATACATTCACTTCCCTTTGGAGGATATTATCGCGACGGAACTAAAAGCATATCCTACAACTCCCCAAGATCACAAGCCTCAGCTAGTAAAAGCGTCCCAGCCTTGCTAGTTTTGGCCTTAGTGGCTGCCATTTATGGCATCACTTGGGGAGATAAAAATCGCGCTCGCGGTGTTCGTGCTTGCCCTTGCCATCTTCACTCTCCTCAATAGCAATAAAAGGGAAACCTGCCTTGTGGAAGTCTCTGCAACTTTGTCACGAGTTTCCGGGCAGGACTGTAGGCACATCACCCCAGAAATAATTCAGGCTCTAGGAGAAGCGCTAGTCGGTCTTAGGTTGTAGAAGTAGTTGAAAATTTACTAATTTAAGCTGTTTTCTTAGTTATCTAGTTTTCAGGAGAAAATGAGTGGAAAGTCAGAGTCATCCAACACTGGAAACTCCCCCTTCCCAAATCTCACTAAAGAGACAATGGCCAGCTTCAACTTCAAACCAAGTTCAAACTTGCTACCTAGCGAGGAAGAGCTCAAGATCATATCCACATTACTGGTGGCAGCTAAAATACCCAACGCAAGCACCACCATTGTTGCAATGGACTTGGTCAACTTCTGTTATGACAATGGGTCTAGTGTGTACACGGTGATTTCTGGTGAATCCTCAATCACTGGCATCACTCTGGCCCAGATTGCAAGTATTGTCAAGGCTTCCGGCACTTCACTACGAAAATTCTGCCGATTCTTTGCACCAGTAATTTGGAACCTGAGGACTGACAAAGTACCCCCCGCAAACTGGGAGAGCGCTGGGTACAAACCAACTGAGAAATTCGCCGCCTTTGACTTCTTTGACGGCGTTGAGAACCCAGCAGCCATGCAACCACCGGGAGGGCTCATTAGGTCTCCAAATCAAGCGGAGAGGATAGCCAACCAAACTAACAAACAGGTGAACCTCTTCCAAACCGCAGCCCAGGGAAATAACTTGGCCTCCAACTCTGCATTCATAACCAAGGGGCAGATTTCAACGTCCACTCCATCTATCCAGTTTCTCCCATCCCCAGAGTAGGTTTGCCTCAATTGATGCAGGCATTCCTGGCACTGGCCACAATAAAGTGTGTGTTTATTTAAAAGAATCGAGCGTTCGCTTGATTCAATGCTGAAGTCCACCTAAAAGACTTCCTAGTTTGGCTTTAATATTAGTTTTCC',
    'source': dict({
      'clone': '',
      'host': 'Vasconcellea x heilbornii',
      'isolate': 'Tandapi',
      'mol_type': <NCBISourceMolType.GENOMIC_RNA: 'genomic RNA'>,
      'organism': 'Babaco mosaic virus',
      'segment': '',
      'strain': '',
      'taxid': 2060511,
    }),
    'strandedness': <NCBIStrandedness.SINGLE: 'single'>,
    'topology': <NCBITopology.LINEAR: 'linear'>,
  })
# ---
# name: TestParseGenbank.test_source
  dict({
    'clone': '',
    'host': '',
    'isolate': 'Tochigi',
    'mol_type': <NCBISourceMolType.GENOMIC_RNA: 'genomic RNA'>,
    'organism': 'Wasabi mottle virus',
    'segment': '',
    'strain': 'wasabi',
    'taxid': 1169032,
  })
# ---
# name: TestParseTaxonomy.test_ok[1077859]
  dict({
    'id': 1077859,
    'lineage': list([
      dict({
        'id': 10239,
        'name': 'Viruses',
        'rank': 'superkingdom',
      }),
      dict({
        'id': 2731342,
        'name': 'Monodnaviria',
        'rank': 'clade',
      }),
      dict({
        'id': 2732092,
        'name': 'Shotokuvirae',
        'rank': 'kingdom',
      }),
      dict({
        'id': 2732416,
        'name': 'Cressdnaviricota',
        'rank': 'phylum',
      }),
      dict({
        'id': 2732424,
        'name': 'Repensiviricetes',
        'rank': 'class',
      }),
      dict({
        'id': 2732539,
        'name': 'Geplafuvirales',
        'rank': 'order',
      }),
      dict({
        'id': 10811,
        'name': 'Geminiviridae',
        'rank': 'family',
      }),
      dict({
        'id': 10814,
        'name': 'Begomovirus',
        'rank': 'genus',
      }),
    ]),
    'name': 'Tomato chlorotic leaf distortion virus',
    'other_names': dict({
      'acronym': list([
      ]),
      'equivalent_name': list([
      ]),
      'genbank_acronym': list([
      ]),
      'includes': list([
      ]),
      'synonym': list([
      ]),
    }),
    'rank': <NCBIRank.SPECIES: 'species'>,
    'species': dict({
      'id': 1077859,
      'name': 'Tomato chlorotic leaf distortion virus',
      'rank': 'species',
    }),
  })
# ---
# name: TestParseTaxonomy.test_ok[1198450]
  dict({
    'id': 1198450,
    'lineage': list([
      dict({
        'id': 10239,
        'name': 'Viruses',
        'rank': 'superkingdom',
      }),
      dict({
        'id': 2731342,
        'name': 'Monodnaviria',
        'rank': 'clade',
      }),
      dict({
        'id': 2732092,
        'name': 'Shotokuvirae',
        'rank': 'kingdom',
      }),
      dict({
        'id': 2732416,
        'name': 'Cressdnaviricota',
        'rank': 'phylum',
      }),
      dict({
        'id': 2732424,
        'name': 'Repensiviricetes',
        'rank': 'class',
      }),
      dict({
        'id': 2732539,
        'name': 'Geplafuvirales',
        'rank': 'order',
      }),
      dict({
        'id': 10811,
        'name': 'Geminiviridae',
        'rank': 'family',
      }),
      dict({
        'id': 10814,
        'name': 'Begomovirus',
        'rank': 'genus',
      }),
    ]),
    'name': 'Jacquemontia mosaic Yucatan virus',
    'other_names': dict({
      'acronym': list([
      ]),
      'equivalent_name': list([
      ]),
      'genbank_acronym': list([
      ]),
      'includes': list([
      ]),
      'synonym': list([
      ]),
    }),
    'rank': <NCBIRank.SPECIES: 'species'>,
    'species': dict({
      'id': 1198450,
      'name': 'Jacquemontia mosaic Yucatan virus',
      'rank': 'species',
    }),
  })
# ---
# name: TestParseTaxonomy.test_ok[270478]
  dict({
    'id': 270478,
    'lineage': list([
      dict({
        'id': 10239,
        'name': 'Viruses',
        'rank': 'superkingdom',
      }),
      dict({
        'id': 2559587,
        'name': 'Riboviria',
        'rank': 'clade',
      }),
      dict({
        'id': 2732396,
        'name': 'Orthornavirae',
        'rank': 'kingdom',
      }),
      dict({
        'id': 2732408,
        'name': 'Pisuviricota',
        'rank': 'phylum',
      }),
      dict({
        'id': 2732507,
        'name': 'Stelpaviricetes',
        'rank': 'class',
      }),
      dict({
        'id': 2732550,
        'name': 'Patatavirales',
        'rank': 'order',
      }),
      dict({
        'id': 39729,
        'name': 'Potyviridae',
        'rank': 'family',
      }),
      dict({
        'id': 12195,
        'name': 'Potyvirus',
        'rank': 'genus',
      }),
    ]),
    'name': 'Zantedeschia mild mosaic virus',
    'other_names': dict({
      'acronym': list([
      ]),
      'equivalent_name': list([
      ]),
      'genbank_acronym': list([
      ]),
      'includes': list([
      ]),
      'synonym': list([
      ]),
    }),
    'rank': <NCBIRank.SPECIES: 'species'>,
    'species': dict({
      'id': 270478,
      'name': 'Zantedeschia mild mosaic virus',
      'rank': 'species',
    }),
  })
# ---
# name: TestParseTaxonomy.test_ok[438782]
  dict({
    'id': 438782,
    'lineage': list([
      dict({
        'id': 10239,
        'name': 'Viruses',
        'rank': 'superkingdom',
      }),
      dict({
        'id': 2731342,
        'name': 'Monodnaviria',
        'rank': 'clade',
      }),
      dict({
        'id': 2732092,
        'name': 'Shotokuvirae',
        'rank': 'kingdom',
      }),
      dict({
        'id': 2732416,
        'name': 'Cressdnaviricota',
        'rank': 'phylum',
      }),
      dict({
        'id': 2732423,
        'name': 'Arfiviricetes',
        'rank': 'class',
      }),
      dict({
        'id': 2732538,
        'name': 'Mulpavirales',
        'rank': 'order',
      }),
      dict({
        'id': 251095,
        'name': 'Nanoviridae',
        'rank': 'family',
      }),
      dict({
        'id': 251096,
        'name': 'Babuvirus',
        'rank': 'genus',
      }),
    ]),
    'name': 'Abaca bunchy top virus',
    'other_names': dict({
      'acronym': list([
      ]),
      'equivalent_name': list([
      ]),
      'genbank_acronym': list([
      ]),
      'includes': list([
      ]),
      'synonym': list([
      ]),
    }),
    'rank': <NCBIRank.SPECIES: 'species'>,
    'species': dict({
      'id': 438782,
      'name': 'Abaca bunchy top virus',
      'rank': 'species',
    }),
  })
# ---
# name: TestParseTaxonomy.test_with_rank
  dict({
    'id': 1016856,
    'lineage': list([
      dict({
        'id': 10239,
        'name': 'Viruses',
        'rank': 'superkingdom',
      }),
      dict({
        'id': 2559587,
        'name': 'Riboviria',
        'rank': 'clade',
      }),
      dict({
        'id': 2732397,
        'name': 'Pararnavirae',
        'rank': 'kingdom',
      }),
      dict({
        'id': 2732409,
        'name': 'Artverviricota',
        'rank': 'phylum',
      }),
      dict({
        'id': 2732514,
        'name': 'Revtraviricetes',
        'rank': 'class',
      }),
      dict({
        'id': 2169561,
        'name': 'Ortervirales',
        'rank': 'order',
      }),
      dict({
        'id': 186534,
        'name': 'Caulimoviridae',
        'rank': 'family',
      }),
      dict({
        'id': 10652,
        'name': 'Badnavirus',
        'rank': 'genus',
      }),
      dict({
        'id': 3047392,
        'name': 'Badnavirus etavirgamusae',
        'rank': 'species',
      }),
    ]),
    'name': 'Banana streak UL virus',
    'other_names': dict({
      'acronym': list([
      ]),
      'equivalent_name': list([
        'Banana streak Uganda L virus',
      ]),
      'genbank_acronym': list([
      ]),
      'includes': list([
      ]),
      'synonym': list([
      ]),
    }),
    'rank': <NCBIRank.ISOLATE: 'isolate'>,
    'species': dict({
      'id': 3047392,
      'name': 'Badnavirus etavirgamusae',
      'rank': 'species',
    }),
  })
# ---
