# serializer version: 1
# name: TestRepoToSnapshotModel.test_isolate_conversion[1441799]
  dict({
    'id': UUID('08bcc1e3-d606-4b36-992b-7fcfeb588010'),
    'legacy_id': None,
    'name': dict({
      'type': isolate,
      'value': 'Peshtatuek_12b',
    }),
  })
# ---
# name: TestRepoToSnapshotModel.test_isolate_conversion[430059]
  dict({
    'id': UUID('b1505673-c45e-4c83-93a0-7f5bceb67b71'),
    'legacy_id': None,
    'name': dict({
      'type': refseq,
      'value': 'NC_043170',
    }),
  })
# ---
# name: TestRepoToSnapshotModel.test_isolate_conversion[438782]
  dict({
    'id': UUID('98371715-6d50-40a1-a77e-a168105eddbd'),
    'legacy_id': None,
    'name': dict({
      'type': isolate,
      'value': 'Q767',
    }),
  })
# ---
# name: TestRepoToSnapshotModel.test_isolate_conversion[438782].1
  dict({
    'id': UUID('af7602c9-d636-4185-a2f3-ebd1f518979c'),
    'legacy_id': None,
    'name': dict({
      'type': isolate,
      'value': 'Q1108',
    }),
  })
# ---
# name: TestRepoToSnapshotModel.test_otu_conversion[1441799]
  dict({
    'acronym': '',
    'id': UUID('c2a22914-12cf-4b66-aa42-e1395e4498de'),
    'legacy_id': None,
    'molecule': None,
    'name': 'Faba bean necrotic stunt alphasatellite 1',
    'repr_isolate': None,
    'schema': list([
    ]),
    'taxid': 1441799,
  })
# ---
# name: TestRepoToSnapshotModel.test_otu_conversion[430059]
  dict({
    'acronym': '',
    'id': UUID('352325fa-bff2-44b1-a5ad-64de5c786c74'),
    'legacy_id': None,
    'molecule': None,
    'name': 'Vallota mosaic virus',
    'repr_isolate': None,
    'schema': list([
    ]),
    'taxid': 430059,
  })
# ---
# name: TestRepoToSnapshotModel.test_otu_conversion[438782]
  dict({
    'acronym': '',
    'id': UUID('1f88507e-1a9a-4ec7-88ed-cc253c6200ce'),
    'legacy_id': None,
    'molecule': None,
    'name': 'Abaca bunchy top virus',
    'repr_isolate': None,
    'schema': list([
    ]),
    'taxid': 438782,
  })
# ---
# name: TestRepoToSnapshotModel.test_sequence_conversion[438782-accessions0]
  dict({
    'accession': 'NC_010314',
    'definition': 'Abaca bunchy top virus DNA-N, complete genome',
    'id': UUID('1c44278c-8283-438a-83af-090b4bbc4056'),
    'legacy_id': None,
    'segment': 'DNA N',
    'sequence': 'AGCAGGGGGGCTTATTATTACCCCCCCTGCTCGGGGCGGGACATTCTGTGATGGGCTGGGCTTTATGCGGCCAAATAAGCCCATAAAGCCAGATCTGGGCCCATTTAAGGGCCCGTGGTTTGAAAATGTCGCGTTCCCGCCTAAATTGTTTGCTTGCCCTGCAAGGAAACGAAAACTCTATAAATAGGGTTGTTCTCTGCTTGTTTAATACATCAGGCGCAAATCTTTTGCAACGATGGATTGGATGGAATCACAATTCAAGACATGTACGCATGGCTGCGACTGGAAGGCGATAGCTCCAGAAGCACAAGATAATATACAGGTAATTACATGTTCCGATTCAGGTTACGGAAGAAAGAACCCTCGTAAGGTTCTTCTGAGGAGTATTCAGATAGGGTTCAATGGAAGCTTCAGAGGAAGTAATAGAAATGTTCGAGGCTTCATATACGTGTCTGTAAGACAGGATGATGGCCAAATGAGACCAATTATGGTCGTTCCATTCGGAGGGTATGGATATCATAACGACTACTATTATTTTGAAGGACAATCCAGTACGAATTGTGAGATAGTGTCGGACTATATTCCGGCCGGTCAAGACTGGAGCAGAGATATGGAGATAAGTATAAGTAACAGCAACAATTGTAATCAAGAGTGCGATATCAAGTGTTATGTAGTATGTAATTTAAGAATTAAGGAATAAWATTGTTGCCGAAGGTCTGTTATTTGAATGTTGAGATAAGGAAAGGGGCGGCGAAGCATGTGTGTATAATAACATATAACACACTATTATATATTTTGTAAAGAATAAAATTATGACCTGTCAGATTAAGTTTAGAATGAACTGAGGCCGAAGGCCTCACCGAGGCCGAAGGCCGTCAGGATGGTTTTACAAAATAATTATAAGCACCTGTACTAAGTACGAAGAGCGGTATAATATCTGAAAGGAAAAAATAATAATATAATAAAAATATTATGATGTCCCAAAATAGCAGAATGCTAAAGGAACAAAAGGATGCTCTAAGTACAGGGTTGCGTGCTCTGGACGCCACTTTAGTGGTGGGCCAGATGTCCCGAGTTAGTGCGCCACGTC',
  })
# ---
# name: TestRepoToSnapshotModel.test_sequence_conversion[438782-accessions0].1
  dict({
    'accession': 'NC_010315',
    'definition': 'Abaca bunchy top virus segment 2, complete sequence',
    'id': UUID('692475d4-056a-4680-aa74-b772816c314c'),
    'legacy_id': None,
    'segment': 'DNA U3',
    'sequence': 'AGCAGGGGGGCTTATTATTACCCCCCCTGCTGGGACGGGACATCCGAATAGTAATGGGCTTAATACATAAATGGGCCGCCAAATAAGCGTACAGTTCAGTATCTTCGTTTTGGGCCTCGGCCCAAAATTAAGAGAACGTGTGCGCTTGTTTGGGTTGGACCGTAGGTCCGGTTCGAATGAGGAATATTCCTTGCTTCCATAGGAAGGAACAGCGAAATAAAATAAATCGCTGTTACACGTGTAAGAATACTATTAGTTCGCAGAGTTTATAAATACCCTTCAAGTTGAAGGGTGTGGTGCTCTCTCTCTTCTGTCAGACGGTGTGCCATGATGAAGCTCTCCGGGAGGAAAGAAGGGCGGAGGTGGAGGAGCCGCCTCGCCCGTCCCTCCGACGAAGTATACGAAGTCGTAGGTATGTCAGGGTATTTATAGAAGCGTCGTATACTAAACGCGCCTGTATCATAATTGTATTTGTGTATTTAAATATTTAAATACCAAACCTTAAGGAATAAAATATATGTTTAATAAAATAACACATGACAATAAAAGAAAACAATAATACAATAATAAAATTGTATTATGCAAACGTTGTATAATTAAGGTCTGTTTAATATACATATATATATGTATATTACAGTATTGTTTAAAATAAATGACTTGGAAGGAAATAATAATATTAATGATAAGCAATAAAATATTCCGAATACATAAAAAGGGGAAAATGCAATTAAGACCTGTCACGTTTACATATTTCGAATATATTAAGGGCCGAAGGCCCGTCAGTATGCAGGTACATCAGTGATTGCTTCGTGACGAAGCAAGGGTATTATTGTAAATAAGAAAGCATCTGACAACTTTAATAGTGGTCCCCTATACAGCTGTCATATGACAGCTGGCAAAGGATCATTGGGCGGACTCCAAATATATATTAAATATAACATATAAAATATATAAGGTATAGATACTATTATTAATTAAAAGAGGCGGGAAAGAGGACACGTGCGCCGCACGCCACTTTAGTGGTGGGCCATATGTCCCGAGTTAGTGCGCTTACGTC',
  })
# ---
# name: TestRepoToSnapshotModel.test_sequence_conversion[438782-accessions0].2
  dict({
    'accession': 'NC_010316',
    'definition': 'Abaca bunchy top virus DNA-S, complete genome',
    'id': UUID('7462ad59-81a4-4ac1-b00e-e2ef6e32ead6'),
    'legacy_id': None,
    'segment': 'DNA S',
    'sequence': 'GGCAGGGGGGCTTATTATTACCCCCCCTGCCCGGGACGGGACATTCTGTGATGGGCTGGGCTTTATGCGGCCAAATAAGCCCATAAAGCCAGATCTGGGCCCATTTAAGGGCCCGTGGTTTGAAAATGTCGCGTTCCCGCCAAAATAGTTGCTTGCTCTGCAAGCAAACTATATCTATTATAAATACCAGATGTAATGGTTGCCTGAGAATGAAAATAAAAGGATGGCGAGGTATCCGAAGAAGGCGCTAAAGAAGAGGAAGGCGGTACGCCGTAAGTATGGAAGTAAAGCTACGACCAGTCATGATTATGCTGTTGATACTTCATTTATTGTTCCTGAAAATACTATTAAGCTGTATCGTATTGAGCCTACTGATAAAACATTACCCAGATATTTTATCTGGAAAATGTTTATGTTGTTGGTATGCAAAGTCAGACCAGGGCGTATACTTCATTGGGCGATGATTAAGAGCTCTTGGGATGTGAAGGATCCAACAGTTGTTCTTGAAGCGCCTGGATTGTTTATCAAGCCAGCAAACAGCCATCTGGTTAAACTGGTATGCAGTGGCGAGTTAGAAGCTCCAGTAGGAGGAGGGACTTCAGAGGTTGAATGTCTTCTACGGAAGACAACTTTACTTCGTAGGAATGTTACAGAATTGGATTTCTTGTATTTGGCGTTTTATTGTTCTTCTGGAGTTACAATCAACTACCAGAACAGGATTACATATCATGTATAAACCACATAAAATAAATGTGGTGTTGCAGGCATGGGAAGAATAAAACAATGTTTGCCTACGAAATATTTTGGTAAAGTGAAATTATGACCTGTCAGAATTAAGTTTAGAATGAACTGAGGCCGAAGGCCTCACCGAGGCCGAAGGCCGTCAAGTTGGATGAATAAAATACAAGGTATAAGTACGAAGAGCGGTATAATATCTGAAAGGAAATAATAATAATATAATAAAATATTATGATGTCCCAAAATAGCAGAATGCTAAAGGAACAAAAGGATGCTCTAAGTACAGGGTTGCGTGCTCTGGACGCCACTTTAGTGGTGGGCCAGATGTCCCGAGTTAGTGCGCCACGTG',
  })
# ---
# name: TestRepoToSnapshotModel.test_sequence_conversion[438782-accessions0].3
  dict({
    'accession': 'NC_010317',
    'definition': 'Abaca bunchy top virus DNA-M, complete genome',
    'id': UUID('afc663a9-49b1-4c54-8435-27e59caa24f0'),
    'legacy_id': None,
    'segment': 'DNA M',
    'sequence': 'GGGGCTGGGGCTTATTATTACCCCCAGCCCCGGAACGGGACATCACGTGCCTCCCTGTACACGCACGTGACATCAAATGGCTTGCTGYGCAAGATAGAAAGGCTTCCTGCGGAAGCCAGGCATCATATATGGGTTGTAGAGGATCAGCCGACTCTATAAATATAGGGAGGCGTGGTCATGGGATTGACAGGAGAACGAGTGAAACAATTCTTTGAATGGTTTCTGTTCTTCTCAGCAATATTTGTTGCAATAACAATAATATATATATTGCTGGCAGTTCTCCTTGAACTACCGAAGTATATTAAGGGTTTAGTACAATACGTAGTGGAGTATATTACTAGACGACGGGTATGGACACGGAGGACCCAATTGACAGAGGCAACCGGAGGAGGCGATATAGAAGCTGTAGGGCATGACAGTCAGGCGTATACGCATACTGTTATGCCATSTGTTCCACCAGTTAGCGCTCCTATATCAAATAGGAGAGCTGATCAGCCTCTTCGATCAAGCGCCGGACCAATGTTTTAAATACCCGTGATATTTAATATGCAAGTGTATAAATACCCATTGTAGATCTGTTTGTAACCTGAATATGCAAAGTATATAATACTTTGTTGTAATGTATAAGTACATTAATAATATACGAAGTATAATGTTGATGCGATGTCTTCGGAAAATGAAGTATACCCAAATACACAAAAAAACATATATGTGGTGTATACTTATTGTTAAGTATAATAAAATTATAATACAAACAAATATATTGTGTATTATAATACATAAAAGAAGACAGAGCTGTGAAGTTAAGTAAGAAAGCGACGGATTCGTATTGGATAATATGATTCGCGGAGCATTACTTAACGGCGAAGTAAAGCATCAGACAAGAATATGACAGCTGTCATATCAACTAAAAAGCATAGCTTGCCGAGCACGCTATGCAATATAAGGGAAAAATGAAATAATGACCTGTCACGTTTACACTTTTCGTAAAGATGTAGGGCCGAAGGCCCTAATGACGCGTGTCATATTCTCTATAGTGGTGGGTCATATGTCCCGAGTTAGTGCGCCACGTAA',
  })
# ---
# name: TestRepoToSnapshotModel.test_sequence_conversion[438782-accessions0].4
  dict({
    'accession': 'NC_010318',
    'definition': 'Abaca bunchy top virus DNA-C, complete sequence',
    'id': UUID('bc0c9c5d-8e7d-4440-bec0-3fcb5584f792'),
    'legacy_id': None,
    'segment': 'DNA C',
    'sequence': 'GGCAGGGGGGCTTATTATTACCCCCCCTGCCCGGGACGGGACATCACGTGCGCCTATAAAGAAGCACGTGATGATGTGACATATGTTTGCCGTAAGCTGTACAAAAGCGAATGCTTTATTGCTTTATTCGTTGCTTAGCCCCTAAGCAACCTGGTAGTGGGATGTGGTCCCTGATGCGAAGCAGCTTTGTTGTTGCTATTTATATCTGTGTTCGCCATGTAAAATGCGAAATACAACGCTGATCAGAATGGAGTTCTGGAATTCGGAAGCATTTTGCGACGATGTGAAGCGTGTCATTAAGCAAAAATATTGGGAAGAGCGGATGAAATCTCTATTTATAGAGAAGGTGAGTGGTTATGTTCGAAGGATTCTTGTTTATGGTAATCTTGATGATACCATATATGCGGTTCAGCAAATGAAGACTTCTATAGTTCAGTGTGCTGAACGTTTCGGTAAAGCCTGTGTGGTGGTATATAATGGTTTGGATCCATCAATAGGTTTCCGATTACACACTATGGCGTTCTTCTTCGAAGAATATGTTGAGGAAGTGAGTACTGCAGATCCAATGGCGGTTCAGTTATTTTGTGATGAAGAAATAGAAGAATTCTCAAATTCTGATGTACGCCTTATTAAAAATGTTATTATGGCATCGACAGATGCATCGATTGATGTAGGAAATTGTATTCAGATAATAATATCTGATAATGTAATAACATTCTATATATGTTAACTTCATTTATACATAAGAATGAATGAAGTGGTTTATTTATGATTTTTAGAATATAATCATAAATGGTAAACCTTAAGCAAAACCACCCTAAAACAAATAAACCTCTCTGACATACAACCCTCTATAAAATAAAGCCCATGTAAGATTCAAATTTAGAATGAAAAATGGGCCGAAGGCCCATATAAATGCATTTAAGGCCGAAGGCCTTATAATTGCAGGAAGAAAAGAACACGGTTTTGCTTACGTGGCCTGTGGGCCATATGTCCCGAGTTAGTGCGCCACGTG',
  })
# ---
# name: TestRepoToSnapshotModel.test_sequence_conversion[438782-accessions0].5
  dict({
    'accession': 'NC_010319',
    'definition': 'Abaca bunchy top virus DNA-R, complete genome',
    'id': UUID('d2da7973-9621-4b6c-8e0d-97580a79d9e2'),
    'legacy_id': None,
    'segment': 'DNA R',
    'sequence': 'GGCAGGGGGGCTTATTATTACCCCCCCTGCCCGGGACGGGACATTTGCATCTATAAATAGAAGCGCCCTCGCTCAACCAGATCAGGCGCTGCAATGGCTAGATATGTCGTATGTTGGATGTTCACCATCAACAATCCCGAAGCTCTTCCAGAGATGAGGGAAGAATACAAATACCTGGTTTACCAGGTGGAGCGAGGCGAAAGCGGTACACGACATGTGCAGGGCTATGTTGAAATGAAGAGACGAAGTTCTCTGAAACAAATGAGGGCTTTAATTCCTGGTGCCCATCTCGAAAAGAGAAGGGGCACACAGGAAGAAGCTAGAGCTTATTGTATGAAGGCAGATACGAGAGTCGAAGGTCCCTTCGAGTTTGGTCTTTTCAAAGTATCATGTAATGATAATTTGTTTGATGTCATACAGGATATGAGAGAAACGCACAAACGGCCGATTGAGTATTTATACGACTGTCCTAATACCTTCGATAGAAGTAAGGATACATTATACAGGGTACAAGCGGAAATGAATAAAATGCAAGCTATGATGTCGTGGTCGGAAACCTATGGTTGCTGGACGAAGGAAGTGGAGGAACTAATGGCGGAGCCATGTCACCGACGGATTATTTGGGTCTATGGCCCAAATGGTGGTGAAGGTAAAACAACCTATGCGAAGCATCTAATCAAGACCAGAAATGCATTTTATACACCTGGCGGAAAGACACTGGATATATGTAGGCTGTATAATTATGAGGGAATTGTAATATTTGATATTCCCAGATGCAAAGAGGATTACTTGAATTACGGAATTCTTGAGGAATTCAAGAATGGCATCATTCAGAGCGGGAAATATGAACCAGTTTTAAAAATTGTAGAGTATGTGGAGGTCATTGTCATGGCTAACTTCCTGCCGAAGGAAGGAATATTCTCGGAAGACCGAATAAAGCTTGTAACTTGTTGAACACGCTATGCAATAAAGGGGAAAAATGCAATTATGACCTGTCACGTTTACACTTTTCGTAAAGATGTAGGGCCGAAGGCCCTAATGACGCGTGTCATATTCTCTATAGTGGTGGGTCATATGTCCCGAGTTAGTGCGCCACGTG',
  })
# ---
